Archive member included to satisfy reference by file (symbol)

/usr/lib/gcc/arm-none-eabi/9.2.1/../../../arm-none-eabi/lib/thumb/v7e-m+fp/hard/libg.a(lib_a-atexit.o)
                              /usr/lib/gcc/arm-none-eabi/9.2.1/../../../arm-none-eabi/lib/thumb/v7e-m+fp/hard/crt0.o (atexit)
/usr/lib/gcc/arm-none-eabi/9.2.1/../../../arm-none-eabi/lib/thumb/v7e-m+fp/hard/libg.a(lib_a-ctype_.o)
                              build/parser.o (_ctype_)
/usr/lib/gcc/arm-none-eabi/9.2.1/../../../arm-none-eabi/lib/thumb/v7e-m+fp/hard/libg.a(lib_a-errno.o)
                              build/syscall.o (__errno)
/usr/lib/gcc/arm-none-eabi/9.2.1/../../../arm-none-eabi/lib/thumb/v7e-m+fp/hard/libg.a(lib_a-exit.o)
                              /usr/lib/gcc/arm-none-eabi/9.2.1/../../../arm-none-eabi/lib/thumb/v7e-m+fp/hard/crt0.o (exit)
/usr/lib/gcc/arm-none-eabi/9.2.1/../../../arm-none-eabi/lib/thumb/v7e-m+fp/hard/libg.a(lib_a-fini.o)
                              /usr/lib/gcc/arm-none-eabi/9.2.1/../../../arm-none-eabi/lib/thumb/v7e-m+fp/hard/crt0.o (__libc_fini_array)
/usr/lib/gcc/arm-none-eabi/9.2.1/../../../arm-none-eabi/lib/thumb/v7e-m+fp/hard/libg.a(lib_a-impure.o)
                              /usr/lib/gcc/arm-none-eabi/9.2.1/../../../arm-none-eabi/lib/thumb/v7e-m+fp/hard/libg.a(lib_a-exit.o) (_global_impure_ptr)
/usr/lib/gcc/arm-none-eabi/9.2.1/../../../arm-none-eabi/lib/thumb/v7e-m+fp/hard/libg.a(lib_a-init.o)
                              /usr/lib/gcc/arm-none-eabi/9.2.1/../../../arm-none-eabi/lib/thumb/v7e-m+fp/hard/crt0.o (__libc_init_array)
/usr/lib/gcc/arm-none-eabi/9.2.1/../../../arm-none-eabi/lib/thumb/v7e-m+fp/hard/libg.a(lib_a-memset.o)
                              /usr/lib/gcc/arm-none-eabi/9.2.1/../../../arm-none-eabi/lib/thumb/v7e-m+fp/hard/crt0.o (memset)
/usr/lib/gcc/arm-none-eabi/9.2.1/../../../arm-none-eabi/lib/thumb/v7e-m+fp/hard/libg.a(lib_a-printf.o)
                              build/main.o (printf)
/usr/lib/gcc/arm-none-eabi/9.2.1/../../../arm-none-eabi/lib/thumb/v7e-m+fp/hard/libg.a(lib_a-putchar.o)
                              build/parser.o (putchar)
/usr/lib/gcc/arm-none-eabi/9.2.1/../../../arm-none-eabi/lib/thumb/v7e-m+fp/hard/libg.a(lib_a-puts.o)
                              build/main.o (puts)
/usr/lib/gcc/arm-none-eabi/9.2.1/../../../arm-none-eabi/lib/thumb/v7e-m+fp/hard/libg.a(lib_a-setvbuf.o)
                              build/terminal.o (setvbuf)
/usr/lib/gcc/arm-none-eabi/9.2.1/../../../arm-none-eabi/lib/thumb/v7e-m+fp/hard/libg.a(lib_a-strcasecmp.o)
                              build/parser.o (strcasecmp)
/usr/lib/gcc/arm-none-eabi/9.2.1/../../../arm-none-eabi/lib/thumb/v7e-m+fp/hard/libg.a(lib_a-strcpy.o)
                              build/parser.o (strcpy)
/usr/lib/gcc/arm-none-eabi/9.2.1/../../../arm-none-eabi/lib/thumb/v7e-m+fp/hard/libg.a(lib_a-strlen.o)
                              build/parser.o (strlen)
/usr/lib/gcc/arm-none-eabi/9.2.1/../../../arm-none-eabi/lib/thumb/v7e-m+fp/hard/libg.a(lib_a-strtok.o)
                              build/parser.o (strtok)
/usr/lib/gcc/arm-none-eabi/9.2.1/../../../arm-none-eabi/lib/thumb/v7e-m+fp/hard/libg.a(lib_a-strtok_r.o)
                              /usr/lib/gcc/arm-none-eabi/9.2.1/../../../arm-none-eabi/lib/thumb/v7e-m+fp/hard/libg.a(lib_a-strtok.o) (__strtok_r)
/usr/lib/gcc/arm-none-eabi/9.2.1/../../../arm-none-eabi/lib/thumb/v7e-m+fp/hard/libg.a(lib_a-strtol.o)
                              build/parser.o (strtol)
/usr/lib/gcc/arm-none-eabi/9.2.1/../../../arm-none-eabi/lib/thumb/v7e-m+fp/hard/libg.a(lib_a-strtoul.o)
                              build/parser.o (strtoul)
/usr/lib/gcc/arm-none-eabi/9.2.1/../../../arm-none-eabi/lib/thumb/v7e-m+fp/hard/libg.a(lib_a-vfprintf.o)
                              /usr/lib/gcc/arm-none-eabi/9.2.1/../../../arm-none-eabi/lib/thumb/v7e-m+fp/hard/libg.a(lib_a-printf.o) (_vfprintf_r)
/usr/lib/gcc/arm-none-eabi/9.2.1/../../../arm-none-eabi/lib/thumb/v7e-m+fp/hard/libg.a(lib_a-wsetup.o)
                              /usr/lib/gcc/arm-none-eabi/9.2.1/../../../arm-none-eabi/lib/thumb/v7e-m+fp/hard/libg.a(lib_a-vfprintf.o) (__swsetup_r)
/usr/lib/gcc/arm-none-eabi/9.2.1/../../../arm-none-eabi/lib/thumb/v7e-m+fp/hard/libg.a(lib_a-__atexit.o)
                              /usr/lib/gcc/arm-none-eabi/9.2.1/../../../arm-none-eabi/lib/thumb/v7e-m+fp/hard/libg.a(lib_a-atexit.o) (__register_exitproc)
/usr/lib/gcc/arm-none-eabi/9.2.1/../../../arm-none-eabi/lib/thumb/v7e-m+fp/hard/libg.a(lib_a-__call_atexit.o)
                              /usr/lib/gcc/arm-none-eabi/9.2.1/../../../arm-none-eabi/lib/thumb/v7e-m+fp/hard/libg.a(lib_a-exit.o) (__call_exitprocs)
/usr/lib/gcc/arm-none-eabi/9.2.1/../../../arm-none-eabi/lib/thumb/v7e-m+fp/hard/libg.a(lib_a-dtoa.o)
                              /usr/lib/gcc/arm-none-eabi/9.2.1/../../../arm-none-eabi/lib/thumb/v7e-m+fp/hard/libg.a(lib_a-vfprintf.o) (_dtoa_r)
/usr/lib/gcc/arm-none-eabi/9.2.1/../../../arm-none-eabi/lib/thumb/v7e-m+fp/hard/libg.a(lib_a-fflush.o)
[...]
Memory Configuration

Name             Origin             Length             Attributes
FLASH            0x0000000008000000 0x0000000000040000 xr
RAM              0x0000000020000000 0x000000000000a000 xrw
CCMRAM           0x0000000010000000 0x0000000000002000 rw
*default*        0x0000000000000000 0xffffffffffffffff

Linker script and memory map

LOAD /usr/lib/gcc/arm-none-eabi/9.2.1/thumb/v7e-m+fp/hard/crti.o
LOAD /usr/lib/gcc/arm-none-eabi/9.2.1/thumb/v7e-m+fp/hard/crtbegin.o
LOAD /usr/lib/gcc/arm-none-eabi/9.2.1/../../../arm-none-eabi/lib/thumb/v7e-m+fp/hard/crt0.o
LOAD build/main.o
LOAD build/bb_hook.o
LOAD build/bb_asm.o
LOAD build/watchdog.o
LOAD build/mycode.o
LOAD build/mytest.o
LOAD build/monitor.o
LOAD build/parser.o
LOAD build/dump.o
LOAD build/syscall.o
LOAD build/terminal.o
LOAD build/decoder/decoder.o
LOAD build/decoder/STM32F30x_decoder.o
LOAD build/Drivers/CMSIS/Device/ST/STM32F3xx/Source/Templates/system_stm32f3xx.o
LOAD build/Drivers/STM32F3xx_HAL_Driver/Src/stm32f3xx_hal_rcc.o
LOAD build/Drivers/STM32F3xx_HAL_Driver/Src/stm32f3xx_hal.o
LOAD build/Drivers/STM32F3xx_HAL_Driver/Src/stm32f3xx_hal_cortex.o
LOAD build/Drivers/STM32F3xx_HAL_Driver/Src/stm32f3xx_hal_uart.o
LOAD build/Drivers/STM32F3xx_HAL_Driver/Src/stm32f3xx_hal_gpio.o
LOAD build/Drivers/STM32F3xx_HAL_Driver/Src/stm32f3xx_hal_pcd.o
LOAD build/Drivers/STM32F3xx_HAL_Driver/Src/stm32f3xx_hal_pcd_ex.o
LOAD build/Drivers/STM32F3xx_HAL_Driver/Src/stm32f3xx_hal_i2c.o
LOAD build/Drivers/STM32F3xx_HAL_Driver/Src/stm32f3xx_hal_spi.o
LOAD build/Drivers/STM32F3xx_HAL_Driver/Src/stm32f3xx_hal_iwdg.o
LOAD build/Drivers/STM32_USB_Device_Library/Core/Src/usbd_core.o
LOAD build/Drivers/STM32_USB_Device_Library/Core/Src/usbd_ctlreq.o
LOAD build/Drivers/STM32_USB_Device_Library/Core/Src/usbd_ioreq.o
LOAD build/Drivers/STM32_USB_Device_Library/Class/CDC/Src/usbd_cdc.o
LOAD build/usbd_conf.o
LOAD build/usbd_desc.o
LOAD build/usbd_cdc_interface.o
LOAD build/Drivers/BSP/STM32F3-Discovery/stm32f3_discovery.o
LOAD build/Drivers/BSP/STM32F3-Discovery/stm32f3_discovery_accelerometer.o
LOAD build/Drivers/BSP/STM32F3-Discovery/stm32f3_discovery_gyroscope.o
LOAD build/Drivers/BSP/Components/lsm303dlhc/lsm303dlhc.o
LOAD build/Drivers/BSP/Components/l3gd20/l3gd20.o
LOAD build/Drivers/BSP/Components/i3g4250d/i3g4250d.o
LOAD build/Drivers/BSP/Components/lsm303agr/lsm303agr.o
LOAD build/Drivers/CMSIS/Device/ST/STM32F3xx/Source/Templates/gcc/startup_stm32f303xc.o
START GROUP
LOAD /usr/lib/gcc/arm-none-eabi/9.2.1/thumb/v7e-m+fp/hard/libgcc.a
LOAD /usr/lib/gcc/arm-none-eabi/9.2.1/../../../arm-none-eabi/lib/thumb/v7e-m+fp/hard/libg.a
LOAD /usr/lib/gcc/arm-none-eabi/9.2.1/../../../arm-none-eabi/lib/thumb/v7e-m+fp/hard/libc.a
END GROUP
START GROUP
LOAD /usr/lib/gcc/arm-none-eabi/9.2.1/thumb/v7e-m+fp/hard/libgcc.a
LOAD /usr/lib/gcc/arm-none-eabi/9.2.1/../../../arm-none-eabi/lib/thumb/v7e-m+fp/hard/libc.a
LOAD /usr/lib/gcc/arm-none-eabi/9.2.1/../../../arm-none-eabi/lib/thumb/v7e-m+fp/hard/libnosys.a
END GROUP
LOAD /usr/lib/gcc/arm-none-eabi/9.2.1/thumb/v7e-m+fp/hard/crtend.o
LOAD /usr/lib/gcc/arm-none-eabi/9.2.1/thumb/v7e-m+fp/hard/crtn.o
                0x0000000020008000                _estack = 0x20008000
                0x0000000000001000                _Min_Heap_Size = 0x1000
                0x0000000000000400                _Min_Stack_Size = 0x400

.isr_vector     0x0000000008000000      0x188
                0x0000000008000000                . = ALIGN (0x4)
 *(.isr_vector)
 .isr_vector    0x0000000008000000      0x188 build/Drivers/CMSIS/Device/ST/STM32F3xx/Source/Templates/gcc/startup_stm32f303xc.o
                0x0000000008000000                g_pfnVectors
                0x0000000008000188                . = ALIGN (0x4)

.text           0x00000000080001c0     0xcc94
                0x00000000080001c0                . = ALIGN (0x4)
 *(.text)
 .text          0x00000000080001c0       0x88 /usr/lib/gcc/arm-none-eabi/9.2.1/thumb/v7e-m+fp/hard/crtbegin.o
 .text          0x0000000008000248      0x728 build/bb_asm.o
                0x0000000008000248                myTest
                0x00000000080002fc                _bbWatch
                0x0000000008000324                _bb_a5_tick_handler
                0x0000000008000388                _bb_a5_button_handler
                0x000000000800039a                lab8
                0x00000000080003c6                random_led_function
                0x000000000800042a                bbTilt
                0x0000000008000466                a4_game_time_logic
                0x00000000080005d8                test_tick
                0x00000000080005de                _bb_lab_setup
                0x0000000008000642                _bb_lab_tick
                0x0000000008000668                _test_function
                0x000000000800074e                lab6_test
                0x00000000080007d0                bb_game_a3
                0x00000000080008a6                string_test
                0x00000000080008cc                bb_led_demo_a2
 .text          0x0000000008000970       0x34 build/mycode.o
                0x0000000008000970                mytest
                0x0000000008000984                my_Tick
                0x0000000008000998                my_Loop
                0x000000000800099c                my_Init
 .text          0x00000000080009a4        0xc /usr/lib/gcc/arm-none-eabi/9.2.1/../../../arm-none-eabi/lib/thumb/v7e-m+fp/hard/libg.a(lib_a-atexit.o)
                0x00000000080009a4                atexit
 .text          0x00000000080009b0        0xc /usr/lib/gcc/arm-none-eabi/9.2.1/../../../arm-none-eabi/lib/thumb/v7e-m+fp/hard/libg.a(lib_a-errno.o)
                0x00000000080009b0                __errno
 .text          0x00000000080009bc       0x34 /usr/lib/gcc/arm-none-eabi/9.2.1/../../../arm-none-eabi/lib/thumb/v7e-m+fp/hard/libg.a(lib_a-fini.o)
                0x00000000080009bc                __libc_fini_array
 .text          0x00000000080009f0       0x48 /usr/lib/gcc/arm-none-eabi/9.2.1/../../../arm-none-eabi/lib/thumb/v7e-m+fp/hard/libg.a(lib_a-init.o)
                0x00000000080009f0                __libc_init_array
 .text          0x0000000008000a38       0xa0 /usr/lib/gcc/arm-none-eabi/9.2.1/../../../arm-none-eabi/lib/thumb/v7e-m+fp/hard/libg.a(lib_a-memset.o)
                0x0000000008000a38                memset
 .text          0x0000000008000ad8       0x48 /usr/lib/gcc/arm-none-eabi/9.2.1/../../../arm-none-eabi/lib/thumb/v7e-m+fp/hard/libg.a(lib_a-printf.o)
                0x0000000008000ad8                _printf_r
                0x0000000008000af8                printf
 .text          0x0000000008000b20       0x1c /usr/lib/gcc/arm-none-eabi/9.2.1/../../../arm-none-eabi/lib/thumb/v7e-m+fp/hard/libg.a(lib_a-putchar.o)
                0x0000000008000b20                _putchar_r
                0x0000000008000b28                putchar
 .text          0x0000000008000b3c       0x78 /usr/lib/gcc/arm-none-eabi/9.2.1/../../../arm-none-eabi/lib/thumb/v7e-m+fp/hard/libg.a(lib_a-puts.o)
                0x0000000008000b3c                _puts_r
                0x0000000008000ba4                puts
 .text          0x0000000008000bb4      0x154 /usr/lib/gcc/arm-none-eabi/9.2.1/../../../arm-none-eabi/lib/thumb/v7e-m+fp/hard/libg.a(lib_a-setvbuf.o)
                0x0000000008000bb4                setvbuf
 .text          0x0000000008000d08       0x48 /usr/lib/gcc/arm-none-eabi/9.2.1/../../../arm-none-eabi/lib/thumb/v7e-m+fp/hard/libg.a(lib_a-strcasecmp.o)
                0x0000000008000d08                strcasecmp
 .text          0x0000000008000d50       0xbc /usr/lib/gcc/arm-none-eabi/9.2.1/../../../arm-none-eabi/lib/thumb/v7e-m+fp/hard/libg.a(lib_a-strcpy.o)
                0x0000000008000d50                strcpy
 *fill*         0x0000000008000e0c       0x34 
 .text          0x0000000008000e40       0xdc /usr/lib/gcc/arm-none-eabi/9.2.1/../../../arm-none-eabi/lib/thumb/v7e-m+fp/hard/libg.a(lib_a-strlen.o)
                0x0000000008000e40                strlen
 .text          0x0000000008000f1c       0x10 /usr/lib/gcc/arm-none-eabi/9.2.1/../../../arm-none-eabi/lib/thumb/v7e-m+fp/hard/libg.a(lib_a-strtok.o)
                0x0000000008000f1c                strtok
 .text          0x0000000008000f2c       0x70 /usr/lib/gcc/arm-none-eabi/9.2.1/../../../arm-none-eabi/lib/thumb/v7e-m+fp/hard/libg.a(lib_a-strtok_r.o)
                0x0000000008000f2c                __strtok_r
                0x0000000008000f94                strtok_r
 .text          0x0000000008000f9c      0x174 /usr/lib/gcc/arm-none-eabi/9.2.1/../../../arm-none-eabi/lib/thumb/v7e-m+fp/hard/libg.a(lib_a-strtoul.o)
                0x00000000080010dc                _strtoul_r
                0x00000000080010e0                strtoul_l
                0x00000000080010f8                strtoul
 .text          0x0000000008001110     0x1580 /usr/lib/gcc/arm-none-eabi/9.2.1/../../../arm-none-eabi/lib/thumb/v7e-m+fp/hard/libg.a(lib_a-vfprintf.o)
                0x0000000008001110                _vfprintf_r
                0x000000000800260c                vfprintf
 .text          0x0000000008002690       0xd0 /usr/lib/gcc/arm-none-eabi/9.2.1/../../../arm-none-eabi/lib/thumb/v7e-m+fp/hard/libg.a(lib_a-wsetup.o)
                0x0000000008002690                __swsetup_r
 .text          0x0000000008002760       0x68 /usr/lib/gcc/arm-none-eabi/9.2.1/../../../arm-none-eabi/lib/thumb/v7e-m+fp/hard/libg.a(lib_a-__atexit.o)
                0x0000000008002760                __register_exitproc
 .text          0x00000000080027c8      0xfc0 /usr/lib/gcc/arm-none-eabi/9.2.1/../../../arm-none-eabi/lib/thumb/v7e-m+fp/hard/libg.a(lib_a-dtoa.o)
                0x00000000080028ec                _dtoa_r
 .text          0x0000000008003788      0x1a4 /usr/lib/gcc/arm-none-eabi/9.2.1/../../../arm-none-eabi/lib/thumb/v7e-m+fp/hard/libg.a(lib_a-fflush.o)
                0x0000000008003788                __sflush_r
                0x00000000080038d4                _fflush_r
                0x0000000008003908                fflush
 .text          0x000000000800392c      0x1f4 /usr/lib/gcc/arm-none-eabi/9.2.1/../../../arm-none-eabi/lib/thumb/v7e-m+fp/hard/libg.a(lib_a-findfp.o)
                0x0000000008003930                _cleanup_r
                0x0000000008003a14                __sfmoreglue
                0x0000000008003a44                __sfp
                0x0000000008003acc                _cleanup
                0x0000000008003ae0                __sinit
                0x0000000008003ae8                __sfp_lock_acquire
                0x0000000008003aec                __sfp_lock_release
                0x0000000008003af0                __sinit_lock_acquire
                0x0000000008003af4                __sinit_lock_release
                0x0000000008003af8                __fp_lock_all
                0x0000000008003b0c                __fp_unlock_all
 .text          0x0000000008003b20      0x294 /usr/lib/gcc/arm-none-eabi/9.2.1/../../../arm-none-eabi/lib/thumb/v7e-m+fp/hard/libg.a(lib_a-freer.o)
                0x0000000008003b20                _malloc_trim_r
                0x0000000008003bc0                _free_r
 .text          0x0000000008003db4      0x308 /usr/lib/gcc/arm-none-eabi/9.2.1/../../../arm-none-eabi/lib/thumb/v7e-m+fp/hard/libg.a(lib_a-fvwrite.o)
                0x0000000008003db4                __sfvwrite_r
 .text          0x00000000080040bc       0xa0 /usr/lib/gcc/arm-none-eabi/9.2.1/../../../arm-none-eabi/lib/thumb/v7e-m+fp/hard/libg.a(lib_a-fwalk.o)
                0x00000000080040bc                _fwalk
                0x0000000008004108                _fwalk_reent
 .text          0x000000000800415c       0x14 /usr/lib/gcc/arm-none-eabi/9.2.1/../../../arm-none-eabi/lib/thumb/v7e-m+fp/hard/libg.a(lib_a-localeconv.o)
                0x000000000800415c                __localeconv_l
                0x0000000008004160                _localeconv_r
                0x0000000008004168                localeconv
 .text          0x0000000008004170       0xf0 /usr/lib/gcc/arm-none-eabi/9.2.1/../../../arm-none-eabi/lib/thumb/v7e-m+fp/hard/libg.a(lib_a-makebuf.o)
                0x0000000008004170                __swhatbuf_r
                0x00000000080041cc                __smakebuf_r
 .text          0x0000000008004260       0x20 /usr/lib/gcc/arm-none-eabi/9.2.1/../../../arm-none-eabi/lib/thumb/v7e-m+fp/hard/libg.a(lib_a-malloc.o)
                0x0000000008004260                malloc
                0x0000000008004270                free
 .text          0x0000000008004280      0x564 /usr/lib/gcc/arm-none-eabi/9.2.1/../../../arm-none-eabi/lib/thumb/v7e-m+fp/hard/libg.a(lib_a-mallocr.o)
                0x0000000008004280                _malloc_r
 *fill*         0x00000000080047e4        0xc 
 .text          0x00000000080047f0       0xa0 /usr/lib/gcc/arm-none-eabi/9.2.1/../../../arm-none-eabi/lib/thumb/v7e-m+fp/hard/libg.a(lib_a-memchr.o)
                0x00000000080047f0                memchr
 .text          0x0000000008004890      0x134 /usr/lib/gcc/arm-none-eabi/9.2.1/../../../arm-none-eabi/lib/thumb/v7e-m+fp/hard/libg.a(lib_a-memcpy.o)
                0x0000000008004890                memcpy
 .text          0x00000000080049c4       0xd0 /usr/lib/gcc/arm-none-eabi/9.2.1/../../../arm-none-eabi/lib/thumb/v7e-m+fp/hard/libg.a(lib_a-memmove.o)
                0x00000000080049c4                memmove
 .text          0x0000000008004a94        0x8 /usr/lib/gcc/arm-none-eabi/9.2.1/../../../arm-none-eabi/lib/thumb/v7e-m+fp/hard/libg.a(lib_a-mlock.o)
                0x0000000008004a94                __malloc_lock
                0x0000000008004a98                __malloc_unlock
 .text          0x0000000008004a9c      0x9a8 /usr/lib/gcc/arm-none-eabi/9.2.1/../../../arm-none-eabi/lib/thumb/v7e-m+fp/hard/libg.a(lib_a-mprec.o)
                0x0000000008004a9c                _Balloc
                0x0000000008004ae8                _Bfree
                0x0000000008004afc                __multadd
                0x0000000008004ba0                __s2b
                0x0000000008004c4c                __hi0bits
                0x0000000008004c8c                __lo0bits
                0x0000000008004cec                __i2b
                0x0000000008004d18                __multiply
                0x0000000008004e64                __pow5mult
                0x0000000008004efc                __lshift
                0x0000000008004fc8                __mcmp
                0x0000000008005000                __mdiff
                0x0000000008005128                __ulp
                0x0000000008005178                __b2d
                0x0000000008005230                __d2b
                0x0000000008005304                __ratio
                0x0000000008005364                _mprec_log10
                0x00000000080053a4                __copybits
                0x00000000080053ec                __any_on
 .text          0x0000000008005444       0xb4 /usr/lib/gcc/arm-none-eabi/9.2.1/../../../arm-none-eabi/lib/thumb/v7e-m+fp/hard/libg.a(lib_a-putc.o)
                0x0000000008005444                _putc_r
                0x0000000008005498                putc
 .text          0x00000000080054f8      0x36c /usr/lib/gcc/arm-none-eabi/9.2.1/../../../arm-none-eabi/lib/thumb/v7e-m+fp/hard/libg.a(lib_a-reallocr.o)
                0x00000000080054f8                _realloc_r
 .text          0x0000000008005864       0x90 /usr/lib/gcc/arm-none-eabi/9.2.1/../../../arm-none-eabi/lib/thumb/v7e-m+fp/hard/libg.a(lib_a-stdio.o)
                0x0000000008005864                __sread
                0x0000000008005888                __seofread
                0x000000000800588c                __swrite
                0x00000000080058cc                __sseek
                0x00000000080058ec                __sclose
 .text          0x00000000080058f4      0xd00 /usr/lib/gcc/arm-none-eabi/9.2.1/../../../arm-none-eabi/lib/thumb/v7e-m+fp/hard/libg.a(lib_a-vfiprintf.o)
                0x000000000800596c                __sprint_r
                0x0000000008005980                _vfiprintf_r
                0x0000000008006570                vfiprintf
 .text          0x00000000080065f4       0xc0 /usr/lib/gcc/arm-none-eabi/9.2.1/../../../arm-none-eabi/lib/thumb/v7e-m+fp/hard/libg.a(lib_a-wbuf.o)
                0x00000000080065f4                __swbuf_r
                0x00000000080066a4                __swbuf
 .text          0x00000000080066b4       0x48 /usr/lib/gcc/arm-none-eabi/9.2.1/../../../arm-none-eabi/lib/thumb/v7e-m+fp/hard/libg.a(lib_a-assert.o)
                0x00000000080066b4                __assert_func
                0x00000000080066f0                __assert
 .text          0x00000000080066fc       0x60 /usr/lib/gcc/arm-none-eabi/9.2.1/../../../arm-none-eabi/lib/thumb/v7e-m+fp/hard/libg.a(lib_a-callocr.o)
                0x00000000080066fc                _calloc_r
 .text          0x000000000800675c       0x98 /usr/lib/gcc/arm-none-eabi/9.2.1/../../../arm-none-eabi/lib/thumb/v7e-m+fp/hard/libg.a(lib_a-fclose.o)
                0x000000000800675c                _fclose_r
                0x00000000080067e4                fclose
 .text          0x00000000080067f4       0x44 /usr/lib/gcc/arm-none-eabi/9.2.1/../../../arm-none-eabi/lib/thumb/v7e-m+fp/hard/libg.a(lib_a-fiprintf.o)
                0x00000000080067f4                _fiprintf_r
                0x0000000008006810                fiprintf
 .text          0x0000000008006838      0x110 /usr/lib/gcc/arm-none-eabi/9.2.1/../../../arm-none-eabi/lib/thumb/v7e-m+fp/hard/libg.a(lib_a-fputwc.o)
                0x0000000008006838                __fputwc
                0x00000000080068e0                _fputwc_r
                0x0000000008006908                fputwc
 .text          0x0000000008006948       0x5c /usr/lib/gcc/arm-none-eabi/9.2.1/../../../arm-none-eabi/lib/thumb/v7e-m+fp/hard/libg.a(lib_a-locale.o)
                0x0000000008006948                _setlocale_r
                0x0000000008006988                __locale_mb_cur_max
                0x0000000008006994                setlocale
 .text          0x00000000080069a4       0x40 /usr/lib/gcc/arm-none-eabi/9.2.1/../../../arm-none-eabi/lib/thumb/v7e-m+fp/hard/libg.a(lib_a-mbtowc_r.o)
                0x00000000080069a4                _mbtowc_r
                0x00000000080069b8                __ascii_mbtowc
 *fill*         0x00000000080069e4       0x1c 
 .text          0x0000000008006a00      0x2dc /usr/lib/gcc/arm-none-eabi/9.2.1/../../../arm-none-eabi/lib/thumb/v7e-m+fp/hard/libg.a(lib_a-strcmp.o)
                0x0000000008006a08                strcmp
 .text          0x0000000008006cdc       0x7c /usr/lib/gcc/arm-none-eabi/9.2.1/../../../arm-none-eabi/lib/thumb/v7e-m+fp/hard/libg.a(lib_a-wcrtomb.o)
                0x0000000008006cdc                _wcrtomb_r
                0x0000000008006d10                wcrtomb
 .text          0x0000000008006d58       0x30 /usr/lib/gcc/arm-none-eabi/9.2.1/../../../arm-none-eabi/lib/thumb/v7e-m+fp/hard/libg.a(lib_a-wctomb_r.o)
                0x0000000008006d58                _wctomb_r
                0x0000000008006d6c                __ascii_wctomb
 .text          0x0000000008006d88       0x10 /usr/lib/gcc/arm-none-eabi/9.2.1/../../../arm-none-eabi/lib/thumb/v7e-m+fp/hard/libg.a(lib_a-abort.o)
                0x0000000008006d88                abort
 .text          0x0000000008006d98      0x15c /usr/lib/gcc/arm-none-eabi/9.2.1/../../../arm-none-eabi/lib/thumb/v7e-m+fp/hard/libg.a(lib_a-signal.o)
                0x0000000008006dc0                _init_signal_r
                0x0000000008006dcc                _signal_r
                0x0000000008006e04                _raise_r
                0x0000000008006e5c                __sigtramp_r
                0x0000000008006eb0                raise
                0x0000000008006ec0                signal
                0x0000000008006ed0                _init_signal
                0x0000000008006ee4                __sigtramp
 .text          0x0000000008006ef4       0x2c /usr/lib/gcc/arm-none-eabi/9.2.1/../../../arm-none-eabi/lib/thumb/v7e-m+fp/hard/libg.a(lib_a-signalr.o)
                0x0000000008006ef4                _kill_r
                0x0000000008006f1c                _getpid_r
 .text          0x0000000008006f20      0x378 /usr/lib/gcc/arm-none-eabi/9.2.1/thumb/v7e-m+fp/hard/libgcc.a(_arm_addsubdf3.o)
                0x0000000008006f20                __aeabi_drsub
                0x0000000008006f28                __aeabi_dsub
                0x0000000008006f28                __subdf3
                0x0000000008006f2c                __adddf3
                0x0000000008006f2c                __aeabi_dadd
                0x00000000080071a4                __aeabi_ui2d
                0x00000000080071a4                __floatunsidf
                0x00000000080071c4                __floatsidf
                0x00000000080071c4                __aeabi_i2d
                0x00000000080071e8                __extendsfdf2
                0x00000000080071e8                __aeabi_f2d
                0x000000000800722c                __aeabi_ul2d
                0x000000000800722c                __floatundidf
                0x000000000800723c                __floatdidf
                0x000000000800723c                __aeabi_l2d
 .text          0x0000000008007298      0x424 /usr/lib/gcc/arm-none-eabi/9.2.1/thumb/v7e-m+fp/hard/libgcc.a(_arm_muldivdf3.o)
                0x0000000008007298                __aeabi_dmul
                0x0000000008007298                __muldf3
                0x00000000080074ec                __aeabi_ddiv
                0x00000000080074ec                __divdf3
 .text          0x00000000080076bc      0x110 /usr/lib/gcc/arm-none-eabi/9.2.1/thumb/v7e-m+fp/hard/libgcc.a(_arm_cmpdf2.o)
                0x00000000080076bc                __gtdf2
                0x00000000080076bc                __gedf2
                0x00000000080076c4                __ltdf2
                0x00000000080076c4                __ledf2
                0x00000000080076cc                __cmpdf2
                0x00000000080076cc                __eqdf2
                0x00000000080076cc                __nedf2
                0x0000000008007748                __aeabi_cdrcmple
                0x0000000008007758                __aeabi_cdcmple
                0x0000000008007758                __aeabi_cdcmpeq
                0x0000000008007768                __aeabi_dcmpeq
                0x000000000800777c                __aeabi_dcmplt
                0x0000000008007790                __aeabi_dcmple
                0x00000000080077a4                __aeabi_dcmpge
                0x00000000080077b8                __aeabi_dcmpgt
 .text          0x00000000080077cc       0x2c /usr/lib/gcc/arm-none-eabi/9.2.1/thumb/v7e-m+fp/hard/libgcc.a(_arm_unorddf2.o)
                0x00000000080077cc                __aeabi_dcmpun
                0x00000000080077cc                __unorddf2
 .text          0x00000000080077f8       0x50 /usr/lib/gcc/arm-none-eabi/9.2.1/thumb/v7e-m+fp/hard/libgcc.a(_arm_fixdfsi.o)
                0x00000000080077f8                __fixdfsi
                0x00000000080077f8                __aeabi_d2iz
 .text          0x0000000008007848       0x30 /usr/lib/gcc/arm-none-eabi/9.2.1/thumb/v7e-m+fp/hard/libgcc.a(_aeabi_uldivmod.o)
                0x0000000008007848                __aeabi_uldivmod
 .text          0x0000000008007878      0x2c4 /usr/lib/gcc/arm-none-eabi/9.2.1/thumb/v7e-m+fp/hard/libgcc.a(_udivmoddi4.o)
                0x0000000008007878                __udivmoddi4
 .text          0x0000000008007b3c        0x4 /usr/lib/gcc/arm-none-eabi/9.2.1/thumb/v7e-m+fp/hard/libgcc.a(_dvmd_tls.o)
                0x0000000008007b3c                __aeabi_ldiv0
                0x0000000008007b3c                __aeabi_idiv0
 .text          0x0000000008007b40       0x10 /usr/lib/gcc/arm-none-eabi/9.2.1/../../../arm-none-eabi/lib/thumb/v7e-m+fp/hard/libnosys.a(getpid.o)
                0x0000000008007b40                _getpid
 .text          0x0000000008007b50       0x10 /usr/lib/gcc/arm-none-eabi/9.2.1/../../../arm-none-eabi/lib/thumb/v7e-m+fp/hard/libnosys.a(kill.o)
                0x0000000008007b50                _kill
 .text          0x0000000008007b60        0x4 /usr/lib/gcc/arm-none-eabi/9.2.1/../../../arm-none-eabi/lib/thumb/v7e-m+fp/hard/libnosys.a(_exit.o)
                0x0000000008007b60                _exit
 *(.text*)
 .text.CmdLED   0x0000000008007b64       0x5c build/main.o
                0x0000000008007b64                CmdLED
 .text.CmdAccel
                0x0000000008007bc0       0x28 build/main.o
                0x0000000008007bc0                CmdAccel
 .text.CmdGyro  0x0000000008007be8       0x4c build/main.o
                0x0000000008007be8                CmdGyro
 .text.CmdButton
                0x0000000008007c34       0x2c build/main.o
                0x0000000008007c34                CmdButton
 .text.Error_Handler
                0x0000000008007c60        0xa build/main.o
                0x0000000008007c60                Error_Handler
 *fill*         0x0000000008007c6a        0x2 
 .text.startup.main
                0x0000000008007c6c       0x9c build/main.o
                0x0000000008007c6c                main
 .text.SysTick_Handler
                0x0000000008007d08       0x1a build/main.o
                0x0000000008007d08                SysTick_Handler
 .text.EXTI0_IRQHandler
                0x0000000008007d22       0x10 build/main.o
                0x0000000008007d22                EXTI0_IRQHandler
 *fill*         0x0000000008007d32        0x2 
 .text._myTest  0x0000000008007d34       0x38 build/bb_hook.o
                0x0000000008007d34                _myTest
 .text.bb_watch
                0x0000000008007d6c       0x58 build/bb_hook.o
                0x0000000008007d6c                bb_watch
 .text.bb_watchdog
                0x0000000008007dc4       0x22 build/bb_hook.o
                0x0000000008007dc4                bb_watchdog
 *fill*         0x0000000008007de6        0x2 
 .text.bb_lab_8
                0x0000000008007de8       0x28 build/bb_hook.o
                0x0000000008007de8                bb_lab_8
 .text.bb_random_led_function
                0x0000000008007e10       0x28 build/bb_hook.o
                0x0000000008007e10                bb_random_led_function
 .text.bb_tilt_game
                0x0000000008007e38       0x58 build/bb_hook.o
                0x0000000008007e38                bb_tilt_game
 .text._bb_lab7
                0x0000000008007e90       0x38 build/bb_hook.o
                0x0000000008007e90                _bb_lab7
 .text.testTick
                0x0000000008007ec8       0x28 build/bb_hook.o
                0x0000000008007ec8                testTick
 .text._bb_A3   0x0000000008007ef0       0x4c build/bb_hook.o
                0x0000000008007ef0                _bb_A3
 .text._lab_5   0x0000000008007f3c       0x2c build/bb_hook.o
                0x0000000008007f3c                _lab_5
 .text._bb_A2   0x0000000008007f68       0x4c build/bb_hook.o
                0x0000000008007f68                _bb_A2
 .text.lab6     0x0000000008007fb4       0x3c build/bb_hook.o
                0x0000000008007fb4                lab6
 .text.mes_InitIWDG
                0x0000000008007ff0       0x34 build/watchdog.o
                0x0000000008007ff0                mes_InitIWDG
 .text.mes_IWDGStart
                0x0000000008008024       0x20 build/watchdog.o
                0x0000000008008024                mes_IWDGStart
 .text.mes_IWDGRefresh
                0x0000000008008044       0x20 build/watchdog.o
                0x0000000008008044                mes_IWDGRefresh
 .text.CmdTest  0x0000000008008064       0x30 build/mytest.o
                0x0000000008008064                CmdTest
 .text.CmdW     0x0000000008008094       0x1c build/monitor.o
                0x0000000008008094                CmdW
 .text.CmdR     0x00000000080080b0       0x20 build/monitor.o
                0x00000000080080b0                CmdR
 .text.parse    0x00000000080080d0       0xf8 build/parser.o
                0x00000000080080d0                parse
 .text.TaskInput
                0x00000000080081c8      0x13c build/parser.o
                0x00000000080081c8                TaskInput
 .text.fetch_uint32_arg
                0x0000000008008304       0x28 build/parser.o
                0x0000000008008304                fetch_uint32_arg
 .text.fetch_string_arg
                0x000000000800832c       0x20 build/parser.o
                0x000000000800832c                fetch_string_arg
 .text.DumpBuffer
                0x000000000800834c       0xb4 build/dump.o
                0x000000000800834c                DumpBuffer
 .text.CmdDump  0x0000000008008400       0x54 build/dump.o
                0x0000000008008400                CmdDump
 .text._sbrk_r  0x0000000008008454       0x30 build/syscall.o
                0x0000000008008454                _sbrk_r
 .text._close_r
                0x0000000008008484        0x6 build/syscall.o
                0x0000000008008484                _close_r
 .text._fstat_r
                0x000000000800848a        0xa build/syscall.o
                0x000000000800848a                _fstat_r
 .text._isatty_r
                0x0000000008008494        0x4 build/syscall.o
                0x0000000008008494                _isatty_r
 .text._lseek_r
                0x0000000008008498        0x4 build/syscall.o
                0x0000000008008498                _lseek_r
 .text.USBD_CDC_DataIn
                0x000000000800849c       0x7c build/terminal.o
 .text.CmdStats
                0x0000000008008518       0x4c build/terminal.o
                0x0000000008008518                CmdStats
 .text.TerminalInit
                0x0000000008008564       0x7c build/terminal.o
                0x0000000008008564                TerminalInit
 .text.TerminalRead
                0x00000000080085e0       0x4c build/terminal.o
                0x00000000080085e0                TerminalRead
 .text._read_r  0x000000000800862c        0xa build/terminal.o
                0x000000000800862c                _read_r
 .text.TerminalReadNonBlock
                0x0000000008008636       0x10 build/terminal.o
                0x0000000008008636                TerminalReadNonBlock
 .text.TerminalReadAnyNonBlock
                0x0000000008008646       0x12 build/terminal.o
                0x0000000008008646                TerminalReadAnyNonBlock
 .text.TerminalOutputBufferWrite
                0x0000000008008658       0xe8 build/terminal.o
                0x0000000008008658                TerminalOutputBufferWrite
 .text._write_r
                0x0000000008008740       0x40 build/terminal.o
                0x0000000008008740                _write_r
 .text.TerminalInputBufferWrite
                0x0000000008008780       0x64 build/terminal.o
                0x0000000008008780                TerminalInputBufferWrite
 .text.USB_LP_CAN_RX0_IRQHandler
                0x00000000080087e4        0xc build/terminal.o
                0x00000000080087e4                USB_LP_CAN_RX0_IRQHandler
 .text.Uncompress
                0x00000000080087f0       0x7c build/decoder/decoder.o
 .text.DecodeReadRegister
                0x000000000800886c       0x54 build/decoder/decoder.o
                0x000000000800886c                DecodeReadRegister
 .text.DecodeWriteRegister
                0x00000000080088c0       0x54 build/decoder/decoder.o
                0x00000000080088c0                DecodeWriteRegister
 .text.DecodeField
                0x0000000008008914       0x50 build/decoder/decoder.o
                0x0000000008008914                DecodeField
 .text.DecodeRegister
                0x0000000008008964       0x60 build/decoder/decoder.o
                0x0000000008008964                DecodeRegister
 .text.DecodePeripheral
                0x00000000080089c4       0x54 build/decoder/decoder.o
                0x00000000080089c4                DecodePeripheral
 .text.DecodePrintPeripherals
                0x0000000008008a18       0x54 build/decoder/decoder.o
                0x0000000008008a18                DecodePrintPeripherals
 .text.DecodePrintRegisters
                0x0000000008008a6c       0x60 build/decoder/decoder.o
                0x0000000008008a6c                DecodePrintRegisters
 .text.CmdDecode
                0x0000000008008acc      0x270 build/decoder/decoder.o
                0x0000000008008acc                CmdDecode
 .text.SystemInit
                0x0000000008008d3c       0x68 build/Drivers/CMSIS/Device/ST/STM32F3xx/Source/Templates/system_stm32f3xx.o
                0x0000000008008d3c                SystemInit
 .text.HAL_RCC_OscConfig
                0x0000000008008da4      0x5cc build/Drivers/STM32F3xx_HAL_Driver/Src/stm32f3xx_hal_rcc.o
                0x0000000008008da4                HAL_RCC_OscConfig
 .text.HAL_RCC_ClockConfig
                0x0000000008009370      0x2b0 build/Drivers/STM32F3xx_HAL_Driver/Src/stm32f3xx_hal_rcc.o
                0x0000000008009370                HAL_RCC_ClockConfig
 .text.HAL_RCC_GetSysClockFreq
                0x0000000008009620       0x6c build/Drivers/STM32F3xx_HAL_Driver/Src/stm32f3xx_hal_rcc.o
                0x0000000008009620                HAL_RCC_GetSysClockFreq
 .text.HAL_RCC_GetHCLKFreq
                0x000000000800968c       0x38 build/Drivers/STM32F3xx_HAL_Driver/Src/stm32f3xx_hal_rcc.o
                0x000000000800968c                HAL_RCC_GetHCLKFreq
 .text.HAL_MspInit
                0x00000000080096c4        0x2 build/Drivers/STM32F3xx_HAL_Driver/Src/stm32f3xx_hal.o
                0x00000000080096c4                HAL_MspInit
 .text.HAL_InitTick
                0x00000000080096c6       0x28 build/Drivers/STM32F3xx_HAL_Driver/Src/stm32f3xx_hal.o
                0x00000000080096c6                HAL_InitTick
 *fill*         0x00000000080096ee        0x2 
 .text.HAL_Init
                0x00000000080096f0       0x24 build/Drivers/STM32F3xx_HAL_Driver/Src/stm32f3xx_hal.o
                0x00000000080096f0                HAL_Init
 .text.HAL_IncTick
                0x0000000008009714       0x10 build/Drivers/STM32F3xx_HAL_Driver/Src/stm32f3xx_hal.o
                0x0000000008009714                HAL_IncTick
 .text.HAL_GetTick
                0x0000000008009724        0xc build/Drivers/STM32F3xx_HAL_Driver/Src/stm32f3xx_hal.o
                0x0000000008009724                HAL_GetTick
 .text.HAL_Delay
                0x0000000008009730       0x1a build/Drivers/STM32F3xx_HAL_Driver/Src/stm32f3xx_hal.o
                0x0000000008009730                HAL_Delay
 *fill*         0x000000000800974a        0x2 
 .text.HAL_NVIC_SetPriorityGrouping
                0x000000000800974c       0x24 build/Drivers/STM32F3xx_HAL_Driver/Src/stm32f3xx_hal_cortex.o
                0x000000000800974c                HAL_NVIC_SetPriorityGrouping
 .text.HAL_NVIC_SetPriority
                0x0000000008009770       0x68 build/Drivers/STM32F3xx_HAL_Driver/Src/stm32f3xx_hal_cortex.o
                0x0000000008009770                HAL_NVIC_SetPriority
 .text.HAL_NVIC_EnableIRQ
                0x00000000080097d8       0x18 build/Drivers/STM32F3xx_HAL_Driver/Src/stm32f3xx_hal_cortex.o
                0x00000000080097d8                HAL_NVIC_EnableIRQ
 .text.HAL_SYSTICK_Config
                0x00000000080097f0       0x2c build/Drivers/STM32F3xx_HAL_Driver/Src/stm32f3xx_hal_cortex.o
                0x00000000080097f0                HAL_SYSTICK_Config
 .text.HAL_GPIO_Init
                0x000000000800981c      0x188 build/Drivers/STM32F3xx_HAL_Driver/Src/stm32f3xx_hal_gpio.o
                0x000000000800981c                HAL_GPIO_Init
 .text.HAL_GPIO_ReadPin
                0x00000000080099a4        0xc build/Drivers/STM32F3xx_HAL_Driver/Src/stm32f3xx_hal_gpio.o
                0x00000000080099a4                HAL_GPIO_ReadPin
 .text.HAL_GPIO_WritePin
                0x00000000080099b0        0xa build/Drivers/STM32F3xx_HAL_Driver/Src/stm32f3xx_hal_gpio.o
                0x00000000080099b0                HAL_GPIO_WritePin
 .text.HAL_GPIO_TogglePin
                0x00000000080099ba        0x8 build/Drivers/STM32F3xx_HAL_Driver/Src/stm32f3xx_hal_gpio.o
                0x00000000080099ba                HAL_GPIO_TogglePin
 .text.HAL_GPIO_EXTI_Callback
                0x00000000080099c2        0x2 build/Drivers/STM32F3xx_HAL_Driver/Src/stm32f3xx_hal_gpio.o
                0x00000000080099c2                HAL_GPIO_EXTI_Callback
 .text.HAL_GPIO_EXTI_IRQHandler
                0x00000000080099c4       0x18 build/Drivers/STM32F3xx_HAL_Driver/Src/stm32f3xx_hal_gpio.o
                0x00000000080099c4                HAL_GPIO_EXTI_IRQHandler
 .text.HAL_PCD_Init
                0x00000000080099dc       0x92 build/Drivers/STM32F3xx_HAL_Driver/Src/stm32f3xx_hal_pcd.o
                0x00000000080099dc                HAL_PCD_Init
 .text.HAL_PCD_Start
                0x0000000008009a6e        0xc build/Drivers/STM32F3xx_HAL_Driver/Src/stm32f3xx_hal_pcd.o
                0x0000000008009a6e                HAL_PCD_Start
 .text.HAL_PCD_SetAddress
                0x0000000008009a7a       0x2c build/Drivers/STM32F3xx_HAL_Driver/Src/stm32f3xx_hal_pcd.o
                0x0000000008009a7a                HAL_PCD_SetAddress
 *fill*         0x0000000008009aa6        0x2 
 .text.HAL_PCD_EP_Open
                0x0000000008009aa8      0x31c build/Drivers/STM32F3xx_HAL_Driver/Src/stm32f3xx_hal_pcd.o
                0x0000000008009aa8                HAL_PCD_EP_Open
 .text.HAL_PCD_EP_Close
                0x0000000008009dc4      0x1d8 build/Drivers/STM32F3xx_HAL_Driver/Src/stm32f3xx_hal_pcd.o
                0x0000000008009dc4                HAL_PCD_EP_Close
 .text.HAL_PCD_EP_Receive
                0x0000000008009f9c       0xfc build/Drivers/STM32F3xx_HAL_Driver/Src/stm32f3xx_hal_pcd.o
                0x0000000008009f9c                HAL_PCD_EP_Receive
 .text.HAL_PCD_EP_GetRxCount
                0x000000000800a098       0x10 build/Drivers/STM32F3xx_HAL_Driver/Src/stm32f3xx_hal_pcd.o
                0x000000000800a098                HAL_PCD_EP_GetRxCount
 .text.HAL_PCD_EP_Transmit
                0x000000000800a0a8      0x174 build/Drivers/STM32F3xx_HAL_Driver/Src/stm32f3xx_hal_pcd.o
                0x000000000800a0a8                HAL_PCD_EP_Transmit
 .text.HAL_PCD_IRQHandler
                0x000000000800a21c      0x488 build/Drivers/STM32F3xx_HAL_Driver/Src/stm32f3xx_hal_pcd.o
                0x000000000800a21c                HAL_PCD_IRQHandler
 .text.HAL_PCD_EP_SetStall
                0x000000000800a6a4       0xa0 build/Drivers/STM32F3xx_HAL_Driver/Src/stm32f3xx_hal_pcd.o
                0x000000000800a6a4                HAL_PCD_EP_SetStall
 .text.HAL_PCD_EP_ClrStall
                0x000000000800a744       0xc6 build/Drivers/STM32F3xx_HAL_Driver/Src/stm32f3xx_hal_pcd.o
                0x000000000800a744                HAL_PCD_EP_ClrStall
 .text.HAL_PCDEx_PMAConfig
                0x000000000800a80a       0x36 build/Drivers/STM32F3xx_HAL_Driver/Src/stm32f3xx_hal_pcd_ex.o
                0x000000000800a80a                HAL_PCDEx_PMAConfig
 .text.PCD_WritePMA
                0x000000000800a840       0x1c build/Drivers/STM32F3xx_HAL_Driver/Src/stm32f3xx_hal_pcd_ex.o
                0x000000000800a840                PCD_WritePMA
 .text.PCD_ReadPMA
                0x000000000800a85c       0x22 build/Drivers/STM32F3xx_HAL_Driver/Src/stm32f3xx_hal_pcd_ex.o
                0x000000000800a85c                PCD_ReadPMA
 .text.HAL_PCDEx_SetConnectionState
                0x000000000800a87e        0x2 build/Drivers/STM32F3xx_HAL_Driver/Src/stm32f3xx_hal_pcd_ex.o
                0x000000000800a87e                HAL_PCDEx_SetConnectionState
 .text.I2C_TransferConfig
                0x000000000800a880       0x2a build/Drivers/STM32F3xx_HAL_Driver/Src/stm32f3xx_hal_i2c.o
 .text.I2C_IsAcknowledgeFailed
                0x000000000800a8aa       0x98 build/Drivers/STM32F3xx_HAL_Driver/Src/stm32f3xx_hal_i2c.o
 .text.I2C_WaitOnFlagUntilTimeout
                0x000000000800a942       0x64 build/Drivers/STM32F3xx_HAL_Driver/Src/stm32f3xx_hal_i2c.o
 .text.I2C_WaitOnSTOPFlagUntilTimeout
                0x000000000800a9a6       0x50 build/Drivers/STM32F3xx_HAL_Driver/Src/stm32f3xx_hal_i2c.o
 .text.I2C_WaitOnTXISFlagUntilTimeout
                0x000000000800a9f6       0x54 build/Drivers/STM32F3xx_HAL_Driver/Src/stm32f3xx_hal_i2c.o
 .text.I2C_RequestMemoryWrite
                0x000000000800aa4a       0x66 build/Drivers/STM32F3xx_HAL_Driver/Src/stm32f3xx_hal_i2c.o
 .text.I2C_RequestMemoryRead
                0x000000000800aab0       0x64 build/Drivers/STM32F3xx_HAL_Driver/Src/stm32f3xx_hal_i2c.o
 .text.HAL_I2C_MspInit
                0x000000000800ab14        0x2 build/Drivers/STM32F3xx_HAL_Driver/Src/stm32f3xx_hal_i2c.o
                0x000000000800ab14                HAL_I2C_MspInit
 .text.HAL_I2C_Init
                0x000000000800ab16       0x90 build/Drivers/STM32F3xx_HAL_Driver/Src/stm32f3xx_hal_i2c.o
                0x000000000800ab16                HAL_I2C_Init
 .text.HAL_I2C_MspDeInit
                0x000000000800aba6        0x2 build/Drivers/STM32F3xx_HAL_Driver/Src/stm32f3xx_hal_i2c.o
                0x000000000800aba6                HAL_I2C_MspDeInit
 .text.HAL_I2C_DeInit
                0x000000000800aba8       0x2e build/Drivers/STM32F3xx_HAL_Driver/Src/stm32f3xx_hal_i2c.o
                0x000000000800aba8                HAL_I2C_DeInit
 .text.HAL_I2C_Mem_Write
                0x000000000800abd6      0x104 build/Drivers/STM32F3xx_HAL_Driver/Src/stm32f3xx_hal_i2c.o
                0x000000000800abd6                HAL_I2C_Mem_Write
 .text.HAL_I2C_Mem_Read
                0x000000000800acda      0x10e build/Drivers/STM32F3xx_HAL_Driver/Src/stm32f3xx_hal_i2c.o
                0x000000000800acda                HAL_I2C_Mem_Read
 .text.HAL_I2C_GetState
                0x000000000800ade8        0x6 build/Drivers/STM32F3xx_HAL_Driver/Src/stm32f3xx_hal_i2c.o
                0x000000000800ade8                HAL_I2C_GetState
 .text.SPI_WaitFlagStateUntilTimeout.part.0
                0x000000000800adee       0x4c build/Drivers/STM32F3xx_HAL_Driver/Src/stm32f3xx_hal_spi.o
 .text.SPI_WaitFlagStateUntilTimeout
                0x000000000800ae3a       0x40 build/Drivers/STM32F3xx_HAL_Driver/Src/stm32f3xx_hal_spi.o
 .text.SPI_WaitFifoStateUntilTimeout
                0x000000000800ae7a       0x54 build/Drivers/STM32F3xx_HAL_Driver/Src/stm32f3xx_hal_spi.o
 .text.SPI_EndRxTxTransaction
                0x000000000800aece       0x4c build/Drivers/STM32F3xx_HAL_Driver/Src/stm32f3xx_hal_spi.o
 .text.HAL_SPI_MspInit
                0x000000000800af1a        0x2 build/Drivers/STM32F3xx_HAL_Driver/Src/stm32f3xx_hal_spi.o
                0x000000000800af1a                HAL_SPI_MspInit
 .text.HAL_SPI_Init
                0x000000000800af1c       0xa4 build/Drivers/STM32F3xx_HAL_Driver/Src/stm32f3xx_hal_spi.o
                0x000000000800af1c                HAL_SPI_Init
 .text.HAL_SPI_MspDeInit
                0x000000000800afc0        0x2 build/Drivers/STM32F3xx_HAL_Driver/Src/stm32f3xx_hal_spi.o
                0x000000000800afc0                HAL_SPI_MspDeInit
 .text.HAL_SPI_DeInit
                0x000000000800afc2       0x2a build/Drivers/STM32F3xx_HAL_Driver/Src/stm32f3xx_hal_spi.o
                0x000000000800afc2                HAL_SPI_DeInit
 .text.HAL_SPI_TransmitReceive
                0x000000000800afec      0x270 build/Drivers/STM32F3xx_HAL_Driver/Src/stm32f3xx_hal_spi.o
                0x000000000800afec                HAL_SPI_TransmitReceive
 .text.HAL_SPI_GetState
                0x000000000800b25c        0x6 build/Drivers/STM32F3xx_HAL_Driver/Src/stm32f3xx_hal_spi.o
                0x000000000800b25c                HAL_SPI_GetState
 .text.HAL_IWDG_MspInit
                0x000000000800b262        0x2 build/Drivers/STM32F3xx_HAL_Driver/Src/stm32f3xx_hal_iwdg.o
                0x000000000800b262                HAL_IWDG_MspInit
 .text.HAL_IWDG_Init
                0x000000000800b264       0x9e build/Drivers/STM32F3xx_HAL_Driver/Src/stm32f3xx_hal_iwdg.o
                0x000000000800b264                HAL_IWDG_Init
 .text.HAL_IWDG_Start
                0x000000000800b302       0x74 build/Drivers/STM32F3xx_HAL_Driver/Src/stm32f3xx_hal_iwdg.o
                0x000000000800b302                HAL_IWDG_Start
 .text.HAL_IWDG_Refresh
                0x000000000800b376       0x50 build/Drivers/STM32F3xx_HAL_Driver/Src/stm32f3xx_hal_iwdg.o
                0x000000000800b376                HAL_IWDG_Refresh
 .text.USBD_Init
                0x000000000800b3c6       0x2a build/Drivers/STM32_USB_Device_Library/Core/Src/usbd_core.o
                0x000000000800b3c6                USBD_Init
 .text.USBD_RegisterClass
                0x000000000800b3f0        0xe build/Drivers/STM32_USB_Device_Library/Core/Src/usbd_core.o
                0x000000000800b3f0                USBD_RegisterClass
 .text.USBD_Start
                0x000000000800b3fe        0xa build/Drivers/STM32_USB_Device_Library/Core/Src/usbd_core.o
                0x000000000800b3fe                USBD_Start
 .text.USBD_SetClassConfig
                0x000000000800b408       0x16 build/Drivers/STM32_USB_Device_Library/Core/Src/usbd_core.o
                0x000000000800b408                USBD_SetClassConfig
 .text.USBD_ClrClassConfig
                0x000000000800b41e        0xe build/Drivers/STM32_USB_Device_Library/Core/Src/usbd_core.o
                0x000000000800b41e                USBD_ClrClassConfig
 .text.USBD_LL_SetupStage
                0x000000000800b42c       0x5a build/Drivers/STM32_USB_Device_Library/Core/Src/usbd_core.o
                0x000000000800b42c                USBD_LL_SetupStage
 .text.USBD_LL_DataOutStage
                0x000000000800b486       0x60 build/Drivers/STM32_USB_Device_Library/Core/Src/usbd_core.o
                0x000000000800b486                USBD_LL_DataOutStage
 .text.USBD_LL_DataInStage
                0x000000000800b4e6       0x8c build/Drivers/STM32_USB_Device_Library/Core/Src/usbd_core.o
                0x000000000800b4e6                USBD_LL_DataInStage
 .text.USBD_LL_Reset
                0x000000000800b572       0x3e build/Drivers/STM32_USB_Device_Library/Core/Src/usbd_core.o
                0x000000000800b572                USBD_LL_Reset
 .text.USBD_LL_SetSpeed
                0x000000000800b5b0        0x6 build/Drivers/STM32_USB_Device_Library/Core/Src/usbd_core.o
                0x000000000800b5b0                USBD_LL_SetSpeed
 .text.USBD_LL_SOF
                0x000000000800b5b6       0x18 build/Drivers/STM32_USB_Device_Library/Core/Src/usbd_core.o
                0x000000000800b5b6                USBD_LL_SOF
 .text.USBD_CtlError.constprop.0
                0x000000000800b5ce       0x16 build/Drivers/STM32_USB_Device_Library/Core/Src/usbd_ctlreq.o
 .text.USBD_StdDevReq
                0x000000000800b5e4      0x1f4 build/Drivers/STM32_USB_Device_Library/Core/Src/usbd_ctlreq.o
                0x000000000800b5e4                USBD_StdDevReq
 .text.USBD_StdItfReq
                0x000000000800b7d8       0x30 build/Drivers/STM32_USB_Device_Library/Core/Src/usbd_ctlreq.o
                0x000000000800b7d8                USBD_StdItfReq
 .text.USBD_StdEPReq
                0x000000000800b808       0xa8 build/Drivers/STM32_USB_Device_Library/Core/Src/usbd_ctlreq.o
                0x000000000800b808                USBD_StdEPReq
 .text.USBD_ParseSetupRequest
                0x000000000800b8b0       0x28 build/Drivers/STM32_USB_Device_Library/Core/Src/usbd_ctlreq.o
                0x000000000800b8b0                USBD_ParseSetupRequest
 .text.USBD_GetString
                0x000000000800b8d8       0x38 build/Drivers/STM32_USB_Device_Library/Core/Src/usbd_ctlreq.o
                0x000000000800b8d8                USBD_GetString
 .text.USBD_CtlSendData
                0x000000000800b910       0x1a build/Drivers/STM32_USB_Device_Library/Core/Src/usbd_ioreq.o
                0x000000000800b910                USBD_CtlSendData
 .text.USBD_CtlContinueSendData
                0x000000000800b92a       0x10 build/Drivers/STM32_USB_Device_Library/Core/Src/usbd_ioreq.o
                0x000000000800b92a                USBD_CtlContinueSendData
 .text.USBD_CtlPrepareRx
                0x000000000800b93a       0x1a build/Drivers/STM32_USB_Device_Library/Core/Src/usbd_ioreq.o
                0x000000000800b93a                USBD_CtlPrepareRx
 .text.USBD_CtlContinueRx
                0x000000000800b954       0x10 build/Drivers/STM32_USB_Device_Library/Core/Src/usbd_ioreq.o
                0x000000000800b954                USBD_CtlContinueRx
 .text.USBD_CtlSendStatus
                0x000000000800b964       0x16 build/Drivers/STM32_USB_Device_Library/Core/Src/usbd_ioreq.o
                0x000000000800b964                USBD_CtlSendStatus
 .text.USBD_CtlReceiveStatus
                0x000000000800b97a       0x16 build/Drivers/STM32_USB_Device_Library/Core/Src/usbd_ioreq.o
                0x000000000800b97a                USBD_CtlReceiveStatus
 .text.USBD_CDC_DataIn
                0x000000000800b990       0x12 build/Drivers/STM32_USB_Device_Library/Class/CDC/Src/usbd_cdc.o
 .text.USBD_CDC_EP0_RxReady
                0x000000000800b9a2       0x28 build/Drivers/STM32_USB_Device_Library/Class/CDC/Src/usbd_cdc.o
 *fill*         0x000000000800b9ca        0x2 
 .text.USBD_CDC_GetFSCfgDesc
                0x000000000800b9cc        0xc build/Drivers/STM32_USB_Device_Library/Class/CDC/Src/usbd_cdc.o
 .text.USBD_CDC_GetHSCfgDesc
                0x000000000800b9d8        0xc build/Drivers/STM32_USB_Device_Library/Class/CDC/Src/usbd_cdc.o
 .text.USBD_CDC_GetOtherSpeedCfgDesc
                0x000000000800b9e4        0xc build/Drivers/STM32_USB_Device_Library/Class/CDC/Src/usbd_cdc.o
 .text.USBD_CDC_GetDeviceQualifierDescriptor
                0x000000000800b9f0        0xc build/Drivers/STM32_USB_Device_Library/Class/CDC/Src/usbd_cdc.o
                0x000000000800b9f0                USBD_CDC_GetDeviceQualifierDescriptor
 .text.USBD_CDC_DataOut
                0x000000000800b9fc       0x2e build/Drivers/STM32_USB_Device_Library/Class/CDC/Src/usbd_cdc.o
 .text.USBD_CDC_DeInit
                0x000000000800ba2a       0x3a build/Drivers/STM32_USB_Device_Library/Class/CDC/Src/usbd_cdc.o
 .text.USBD_CDC_Init
                0x000000000800ba64       0x8c build/Drivers/STM32_USB_Device_Library/Class/CDC/Src/usbd_cdc.o
 .text.USBD_CDC_Setup
                0x000000000800baf0       0x56 build/Drivers/STM32_USB_Device_Library/Class/CDC/Src/usbd_cdc.o
 .text.USBD_CDC_RegisterInterface
                0x000000000800bb46        0xe build/Drivers/STM32_USB_Device_Library/Class/CDC/Src/usbd_cdc.o
                0x000000000800bb46                USBD_CDC_RegisterInterface
 .text.USBD_CDC_SetTxBuffer
                0x000000000800bb54       0x10 build/Drivers/STM32_USB_Device_Library/Class/CDC/Src/usbd_cdc.o
                0x000000000800bb54                USBD_CDC_SetTxBuffer
 .text.USBD_CDC_SetRxBuffer
                0x000000000800bb64        0xc build/Drivers/STM32_USB_Device_Library/Class/CDC/Src/usbd_cdc.o
                0x000000000800bb64                USBD_CDC_SetRxBuffer
 .text.USBD_CDC_TransmitPacket
                0x000000000800bb70       0x2e build/Drivers/STM32_USB_Device_Library/Class/CDC/Src/usbd_cdc.o
                0x000000000800bb70                USBD_CDC_TransmitPacket
 .text.USBD_CDC_ReceivePacket
                0x000000000800bb9e       0x2e build/Drivers/STM32_USB_Device_Library/Class/CDC/Src/usbd_cdc.o
                0x000000000800bb9e                USBD_CDC_ReceivePacket
 .text.HAL_PCD_MspInit
                0x000000000800bbcc       0x98 build/usbd_conf.o
                0x000000000800bbcc                HAL_PCD_MspInit
 .text.HAL_PCD_SetupStageCallback
                0x000000000800bc64        0xc build/usbd_conf.o
                0x000000000800bc64                HAL_PCD_SetupStageCallback
 .text.HAL_PCD_DataOutStageCallback
                0x000000000800bc70       0x12 build/usbd_conf.o
                0x000000000800bc70                HAL_PCD_DataOutStageCallback
 .text.HAL_PCD_DataInStageCallback
                0x000000000800bc82       0x10 build/usbd_conf.o
                0x000000000800bc82                HAL_PCD_DataInStageCallback
 .text.HAL_PCD_SOFCallback
                0x000000000800bc92        0x8 build/usbd_conf.o
                0x000000000800bc92                HAL_PCD_SOFCallback
 .text.HAL_PCD_ResetCallback
                0x000000000800bc9a       0x1a build/usbd_conf.o
                0x000000000800bc9a                HAL_PCD_ResetCallback
 .text.HAL_PCD_SuspendCallback
                0x000000000800bcb4        0x2 build/usbd_conf.o
                0x000000000800bcb4                HAL_PCD_SuspendCallback
 .text.HAL_PCD_ResumeCallback
                0x000000000800bcb6        0x2 build/usbd_conf.o
                0x000000000800bcb6                HAL_PCD_ResumeCallback
 .text.USBD_LL_Init
                0x000000000800bcb8       0x7c build/usbd_conf.o
                0x000000000800bcb8                USBD_LL_Init
 .text.USBD_LL_Start
                0x000000000800bd34        0xe build/usbd_conf.o
                0x000000000800bd34                USBD_LL_Start
 .text.USBD_LL_OpenEP
                0x000000000800bd42       0x14 build/usbd_conf.o
                0x000000000800bd42                USBD_LL_OpenEP
 .text.USBD_LL_CloseEP
                0x000000000800bd56        0xe build/usbd_conf.o
                0x000000000800bd56                USBD_LL_CloseEP
 .text.USBD_LL_StallEP
                0x000000000800bd64        0xe build/usbd_conf.o
                0x000000000800bd64                USBD_LL_StallEP
 .text.USBD_LL_ClearStallEP
                0x000000000800bd72        0xe build/usbd_conf.o
                0x000000000800bd72                USBD_LL_ClearStallEP
 .text.USBD_LL_IsStallEP
                0x000000000800bd80       0x26 build/usbd_conf.o
                0x000000000800bd80                USBD_LL_IsStallEP
 .text.USBD_LL_SetUSBAddress
                0x000000000800bda6        0xe build/usbd_conf.o
                0x000000000800bda6                USBD_LL_SetUSBAddress
 .text.USBD_LL_Transmit
                0x000000000800bdb4        0xe build/usbd_conf.o
                0x000000000800bdb4                USBD_LL_Transmit
 .text.USBD_LL_PrepareReceive
                0x000000000800bdc2        0xe build/usbd_conf.o
                0x000000000800bdc2                USBD_LL_PrepareReceive
 .text.USBD_LL_GetRxDataSize
                0x000000000800bdd0        0xc build/usbd_conf.o
                0x000000000800bdd0                USBD_LL_GetRxDataSize
 .text.USBD_static_malloc
                0x000000000800bddc        0x8 build/usbd_conf.o
                0x000000000800bddc                USBD_static_malloc
 .text.USBD_static_free
                0x000000000800bde4        0x2 build/usbd_conf.o
                0x000000000800bde4                USBD_static_free
 *fill*         0x000000000800bde6        0x2 
 .text.USBD_VCP_DeviceDescriptor
                0x000000000800bde8        0xc build/usbd_desc.o
                0x000000000800bde8                USBD_VCP_DeviceDescriptor
 .text.USBD_VCP_LangIDStrDescriptor
                0x000000000800bdf4        0xc build/usbd_desc.o
                0x000000000800bdf4                USBD_VCP_LangIDStrDescriptor
 .text.IntToUnicode
                0x000000000800be00       0x2a build/usbd_desc.o
 *fill*         0x000000000800be2a        0x2 
 .text.USBD_VCP_SerialStrDescriptor
                0x000000000800be2c       0x40 build/usbd_desc.o
                0x000000000800be2c                USBD_VCP_SerialStrDescriptor
 .text.USBD_VCP_ProductStrDescriptor
                0x000000000800be6c       0x1c build/usbd_desc.o
                0x000000000800be6c                USBD_VCP_ProductStrDescriptor
 .text.USBD_VCP_ManufacturerStrDescriptor
                0x000000000800be88       0x1c build/usbd_desc.o
                0x000000000800be88                USBD_VCP_ManufacturerStrDescriptor
 .text.USBD_VCP_ConfigStrDescriptor
                0x000000000800bea4       0x1c build/usbd_desc.o
                0x000000000800bea4                USBD_VCP_ConfigStrDescriptor
 .text.USBD_VCP_InterfaceStrDescriptor
                0x000000000800bec0       0x1c build/usbd_desc.o
                0x000000000800bec0                USBD_VCP_InterfaceStrDescriptor
 .text.CDC_Itf_DeInit
                0x000000000800bedc        0x4 build/usbd_cdc_interface.o
 .text.CDC_Itf_Receive
                0x000000000800bee0       0x1c build/usbd_cdc_interface.o
 .text.CDC_Itf_Init
                0x000000000800befc       0x18 build/usbd_cdc_interface.o
 .text.CDC_Itf_Control
                0x000000000800bf14       0x48 build/usbd_cdc_interface.o
 .text.SPIx_Init
                0x000000000800bf5c       0x84 build/Drivers/BSP/STM32F3-Discovery/stm32f3_discovery.o
 .text.SPIx_WriteRead
                0x000000000800bfe0       0x40 build/Drivers/BSP/STM32F3-Discovery/stm32f3_discovery.o
 .text.I2Cx_Init
                0x000000000800c020       0x6c build/Drivers/BSP/STM32F3-Discovery/stm32f3_discovery.o
 .text.BSP_LED_Init
                0x000000000800c08c       0x6c build/Drivers/BSP/STM32F3-Discovery/stm32f3_discovery.o
                0x000000000800c08c                BSP_LED_Init
 .text.BSP_LED_On
                0x000000000800c0f8       0x1c build/Drivers/BSP/STM32F3-Discovery/stm32f3_discovery.o
                0x000000000800c0f8                BSP_LED_On
 .text.BSP_LED_Off
                0x000000000800c114       0x1c build/Drivers/BSP/STM32F3-Discovery/stm32f3_discovery.o
                0x000000000800c114                BSP_LED_Off
 .text.BSP_LED_Toggle
                0x000000000800c130       0x18 build/Drivers/BSP/STM32F3-Discovery/stm32f3_discovery.o
                0x000000000800c130                BSP_LED_Toggle
 .text.BSP_PB_Init
                0x000000000800c148       0x74 build/Drivers/BSP/STM32F3-Discovery/stm32f3_discovery.o
                0x000000000800c148                BSP_PB_Init
 .text.BSP_PB_GetState
                0x000000000800c1bc       0x14 build/Drivers/BSP/STM32F3-Discovery/stm32f3_discovery.o
                0x000000000800c1bc                BSP_PB_GetState
 .text.GYRO_IO_Init
                0x000000000800c1d0       0x60 build/Drivers/BSP/STM32F3-Discovery/stm32f3_discovery.o
                0x000000000800c1d0                GYRO_IO_Init
 .text.GYRO_IO_Write
                0x000000000800c230       0x44 build/Drivers/BSP/STM32F3-Discovery/stm32f3_discovery.o
                0x000000000800c230                GYRO_IO_Write
 .text.GYRO_IO_Read
                0x000000000800c274       0x48 build/Drivers/BSP/STM32F3-Discovery/stm32f3_discovery.o
                0x000000000800c274                GYRO_IO_Read
 .text.COMPASSACCELERO_IO_Init
                0x000000000800c2bc       0x64 build/Drivers/BSP/STM32F3-Discovery/stm32f3_discovery.o
                0x000000000800c2bc                COMPASSACCELERO_IO_Init
 .text.COMPASSACCELERO_IO_ITConfig
                0x000000000800c320       0x48 build/Drivers/BSP/STM32F3-Discovery/stm32f3_discovery.o
                0x000000000800c320                COMPASSACCELERO_IO_ITConfig
 .text.COMPASSACCELERO_IO_Write
                0x000000000800c368       0x3c build/Drivers/BSP/STM32F3-Discovery/stm32f3_discovery.o
                0x000000000800c368                COMPASSACCELERO_IO_Write
 .text.COMPASSACCELERO_IO_Read
                0x000000000800c3a4       0x40 build/Drivers/BSP/STM32F3-Discovery/stm32f3_discovery.o
                0x000000000800c3a4                COMPASSACCELERO_IO_Read
 .text.BSP_ACCELERO_Init
                0x000000000800c3e4       0x40 build/Drivers/BSP/STM32F3-Discovery/stm32f3_discovery_accelerometer.o
                0x000000000800c3e4                BSP_ACCELERO_Init
 .text.BSP_ACCELERO_GetXYZ
                0x000000000800c424       0x10 build/Drivers/BSP/STM32F3-Discovery/stm32f3_discovery_accelerometer.o
                0x000000000800c424                BSP_ACCELERO_GetXYZ
 .text.BSP_GYRO_Init
                0x000000000800c434       0x50 build/Drivers/BSP/STM32F3-Discovery/stm32f3_discovery_gyroscope.o
                0x000000000800c434                BSP_GYRO_Init
 .text.BSP_GYRO_GetXYZ
                0x000000000800c484       0x10 build/Drivers/BSP/STM32F3-Discovery/stm32f3_discovery_gyroscope.o
                0x000000000800c484                BSP_GYRO_GetXYZ
 .text.LSM303DLHC_AccDeInit
                0x000000000800c494        0x2 build/Drivers/BSP/Components/lsm303dlhc/lsm303dlhc.o
                0x000000000800c494                LSM303DLHC_AccDeInit
 .text.LSM303DLHC_AccInit
                0x000000000800c496       0x20 build/Drivers/BSP/Components/lsm303dlhc/lsm303dlhc.o
                0x000000000800c496                LSM303DLHC_AccInit
 .text.LSM303DLHC_AccReadID
                0x000000000800c4b6       0x12 build/Drivers/BSP/Components/lsm303dlhc/lsm303dlhc.o
                0x000000000800c4b6                LSM303DLHC_AccReadID
 .text.LSM303DLHC_AccRebootCmd
                0x000000000800c4c8       0x1c build/Drivers/BSP/Components/lsm303dlhc/lsm303dlhc.o
                0x000000000800c4c8                LSM303DLHC_AccRebootCmd
 .text.LSM303DLHC_AccFilterConfig
                0x000000000800c4e4       0x20 build/Drivers/BSP/Components/lsm303dlhc/lsm303dlhc.o
                0x000000000800c4e4                LSM303DLHC_AccFilterConfig
 .text.LSM303DLHC_AccFilterCmd
                0x000000000800c504       0x20 build/Drivers/BSP/Components/lsm303dlhc/lsm303dlhc.o
                0x000000000800c504                LSM303DLHC_AccFilterCmd
 .text.LSM303DLHC_AccReadXYZ
                0x000000000800c524       0xb6 build/Drivers/BSP/Components/lsm303dlhc/lsm303dlhc.o
                0x000000000800c524                LSM303DLHC_AccReadXYZ
 .text.LSM303DLHC_AccFilterClickCmd
                0x000000000800c5da       0x20 build/Drivers/BSP/Components/lsm303dlhc/lsm303dlhc.o
                0x000000000800c5da                LSM303DLHC_AccFilterClickCmd
 .text.LSM303DLHC_AccIT1Enable
                0x000000000800c5fa       0x1c build/Drivers/BSP/Components/lsm303dlhc/lsm303dlhc.o
                0x000000000800c5fa                LSM303DLHC_AccIT1Enable
 .text.LSM303DLHC_AccClickITEnable
                0x000000000800c616       0x44 build/Drivers/BSP/Components/lsm303dlhc/lsm303dlhc.o
                0x000000000800c616                LSM303DLHC_AccClickITEnable
 .text.LSM303DLHC_AccZClickITConfig
                0x000000000800c65a       0x1c build/Drivers/BSP/Components/lsm303dlhc/lsm303dlhc.o
                0x000000000800c65a                LSM303DLHC_AccZClickITConfig
 .text.L3GD20_DeInit
                0x000000000800c676        0x2 build/Drivers/BSP/Components/l3gd20/l3gd20.o
                0x000000000800c676                L3GD20_DeInit
 .text.L3GD20_Init
                0x000000000800c678       0x34 build/Drivers/BSP/Components/l3gd20/l3gd20.o
                0x000000000800c678                L3GD20_Init
 .text.L3GD20_LowPower
                0x000000000800c6ac       0x18 build/Drivers/BSP/Components/l3gd20/l3gd20.o
                0x000000000800c6ac                L3GD20_LowPower
 .text.L3GD20_ReadID
                0x000000000800c6c4       0x1c build/Drivers/BSP/Components/l3gd20/l3gd20.o
                0x000000000800c6c4                L3GD20_ReadID
 .text.L3GD20_RebootCmd
                0x000000000800c6e0       0x2c build/Drivers/BSP/Components/l3gd20/l3gd20.o
                0x000000000800c6e0                L3GD20_RebootCmd
 .text.L3GD20_INT1InterruptConfig
                0x000000000800c70c       0x5e build/Drivers/BSP/Components/l3gd20/l3gd20.o
                0x000000000800c70c                L3GD20_INT1InterruptConfig
 .text.L3GD20_EnableIT
                0x000000000800c76a       0x40 build/Drivers/BSP/Components/l3gd20/l3gd20.o
                0x000000000800c76a                L3GD20_EnableIT
 .text.L3GD20_DisableIT
                0x000000000800c7aa       0x3c build/Drivers/BSP/Components/l3gd20/l3gd20.o
                0x000000000800c7aa                L3GD20_DisableIT
 .text.L3GD20_FilterConfig
                0x000000000800c7e6       0x2e build/Drivers/BSP/Components/l3gd20/l3gd20.o
                0x000000000800c7e6                L3GD20_FilterConfig
 .text.L3GD20_FilterCmd
                0x000000000800c814       0x2e build/Drivers/BSP/Components/l3gd20/l3gd20.o
                0x000000000800c814                L3GD20_FilterCmd
 *fill*         0x000000000800c842        0x2 
 .text.L3GD20_ReadXYZAngRate
                0x000000000800c844       0xf0 build/Drivers/BSP/Components/l3gd20/l3gd20.o
                0x000000000800c844                L3GD20_ReadXYZAngRate
 .text.I3G4250D_DeInit
                0x000000000800c934        0x2 build/Drivers/BSP/Components/i3g4250d/i3g4250d.o
                0x000000000800c934                I3G4250D_DeInit
 .text.I3G4250D_Init
                0x000000000800c936       0x34 build/Drivers/BSP/Components/i3g4250d/i3g4250d.o
                0x000000000800c936                I3G4250D_Init
 .text.I3G4250D_LowPower
                0x000000000800c96a       0x18 build/Drivers/BSP/Components/i3g4250d/i3g4250d.o
                0x000000000800c96a                I3G4250D_LowPower
 .text.I3G4250D_ReadID
                0x000000000800c982       0x1c build/Drivers/BSP/Components/i3g4250d/i3g4250d.o
                0x000000000800c982                I3G4250D_ReadID
 .text.I3G4250D_RebootCmd
                0x000000000800c99e       0x2c build/Drivers/BSP/Components/i3g4250d/i3g4250d.o
                0x000000000800c99e                I3G4250D_RebootCmd
 .text.I3G4250D_INT1InterruptConfig
                0x000000000800c9ca       0x5e build/Drivers/BSP/Components/i3g4250d/i3g4250d.o
                0x000000000800c9ca                I3G4250D_INT1InterruptConfig
 .text.I3G4250D_EnableIT
                0x000000000800ca28       0x40 build/Drivers/BSP/Components/i3g4250d/i3g4250d.o
                0x000000000800ca28                I3G4250D_EnableIT
 .text.I3G4250D_DisableIT
                0x000000000800ca68       0x3c build/Drivers/BSP/Components/i3g4250d/i3g4250d.o
                0x000000000800ca68                I3G4250D_DisableIT
 .text.I3G4250D_FilterConfig
                0x000000000800caa4       0x2e build/Drivers/BSP/Components/i3g4250d/i3g4250d.o
                0x000000000800caa4                I3G4250D_FilterConfig
 .text.I3G4250D_FilterCmd
                0x000000000800cad2       0x2e build/Drivers/BSP/Components/i3g4250d/i3g4250d.o
                0x000000000800cad2                I3G4250D_FilterCmd
 .text.I3G4250D_ReadXYZAngRate
                0x000000000800cb00       0xf0 build/Drivers/BSP/Components/i3g4250d/i3g4250d.o
                0x000000000800cb00                I3G4250D_ReadXYZAngRate
 .text.LSM303AGR_AccDeInit
                0x000000000800cbf0        0x2 build/Drivers/BSP/Components/lsm303agr/lsm303agr.o
                0x000000000800cbf0                LSM303AGR_AccDeInit
 .text.LSM303AGR_AccInit
                0x000000000800cbf2       0x20 build/Drivers/BSP/Components/lsm303agr/lsm303agr.o
                0x000000000800cbf2                LSM303AGR_AccInit
 .text.LSM303AGR_AccReadID
                0x000000000800cc12       0x12 build/Drivers/BSP/Components/lsm303agr/lsm303agr.o
                0x000000000800cc12                LSM303AGR_AccReadID
 .text.LSM303AGR_AccRebootCmd
                0x000000000800cc24       0x1c build/Drivers/BSP/Components/lsm303agr/lsm303agr.o
                0x000000000800cc24                LSM303AGR_AccRebootCmd
 .text.LSM303AGR_AccFilterConfig
                0x000000000800cc40       0x20 build/Drivers/BSP/Components/lsm303agr/lsm303agr.o
                0x000000000800cc40                LSM303AGR_AccFilterConfig
 .text.LSM303AGR_AccFilterCmd
                0x000000000800cc60       0x20 build/Drivers/BSP/Components/lsm303agr/lsm303agr.o
                0x000000000800cc60                LSM303AGR_AccFilterCmd
 .text.LSM303AGR_AccReadXYZ
                0x000000000800cc80       0xb6 build/Drivers/BSP/Components/lsm303agr/lsm303agr.o
                0x000000000800cc80                LSM303AGR_AccReadXYZ
 .text.LSM303AGR_AccFilterClickCmd
                0x000000000800cd36       0x20 build/Drivers/BSP/Components/lsm303agr/lsm303agr.o
                0x000000000800cd36                LSM303AGR_AccFilterClickCmd
 .text.LSM303AGR_AccIT1Enable
                0x000000000800cd56       0x1c build/Drivers/BSP/Components/lsm303agr/lsm303agr.o
                0x000000000800cd56                LSM303AGR_AccIT1Enable
 .text.LSM303AGR_AccClickITEnable
                0x000000000800cd72       0x44 build/Drivers/BSP/Components/lsm303agr/lsm303agr.o
                0x000000000800cd72                LSM303AGR_AccClickITEnable
 .text.LSM303AGR_AccZClickITConfig
                0x000000000800cdb6       0x1c build/Drivers/BSP/Components/lsm303agr/lsm303agr.o
                0x000000000800cdb6                LSM303AGR_AccZClickITConfig
 *fill*         0x000000000800cdd2        0x2 
 .text.Reset_Handler
                0x000000000800cdd4       0x50 build/Drivers/CMSIS/Device/ST/STM32F3xx/Source/Templates/gcc/startup_stm32f303xc.o
                0x000000000800cdd4                Reset_Handler
 .text.Default_Handler
                0x000000000800ce24        0x2 build/Drivers/CMSIS/Device/ST/STM32F3xx/Source/Templates/gcc/startup_stm32f303xc.o
                0x000000000800ce24                RTC_Alarm_IRQHandler
                0x000000000800ce24                TIM8_TRG_COM_IRQHandler
                0x000000000800ce24                TIM8_CC_IRQHandler
                0x000000000800ce24                DebugMon_Handler
                0x000000000800ce24                TIM1_CC_IRQHandler
                0x000000000800ce24                HardFault_Handler
                0x000000000800ce24                USB_HP_IRQHandler
                0x000000000800ce24                PVD_IRQHandler
                0x000000000800ce24                TAMP_STAMP_IRQHandler
                0x000000000800ce24                PendSV_Handler
                0x000000000800ce24                NMI_Handler
                0x000000000800ce24                EXTI3_IRQHandler
                0x000000000800ce24                USB_HP_CAN_TX_IRQHandler
                0x000000000800ce24                I2C2_EV_IRQHandler
                0x000000000800ce24                FPU_IRQHandler
                0x000000000800ce24                TIM1_UP_TIM16_IRQHandler
                0x000000000800ce24                UsageFault_Handler
                0x000000000800ce24                ADC1_2_IRQHandler
                0x000000000800ce24                SPI1_IRQHandler
                0x000000000800ce24                CAN_SCE_IRQHandler
                0x000000000800ce24                TIM6_DAC_IRQHandler
                0x000000000800ce24                TIM8_UP_IRQHandler
                0x000000000800ce24                DMA2_Channel2_IRQHandler
                0x000000000800ce24                DMA1_Channel4_IRQHandler
                0x000000000800ce24                USART3_IRQHandler
                0x000000000800ce24                DMA1_Channel7_IRQHandler
                0x000000000800ce24                UART5_IRQHandler
                0x000000000800ce24                ADC3_IRQHandler
                0x000000000800ce24                TIM4_IRQHandler
                0x000000000800ce24                CAN_RX1_IRQHandler
                0x000000000800ce24                DMA2_Channel1_IRQHandler
                0x000000000800ce24                I2C1_EV_IRQHandler
                0x000000000800ce24                DMA1_Channel6_IRQHandler
                0x000000000800ce24                UART4_IRQHandler
                0x000000000800ce24                DMA2_Channel4_IRQHandler
                0x000000000800ce24                TIM3_IRQHandler
                0x000000000800ce24                RCC_IRQHandler
                0x000000000800ce24                DMA1_Channel1_IRQHandler
                0x000000000800ce24                Default_Handler
                0x000000000800ce24                USBWakeUp_RMP_IRQHandler
                0x000000000800ce24                EXTI15_10_IRQHandler
                0x000000000800ce24                TIM7_IRQHandler
                0x000000000800ce24                EXTI9_5_IRQHandler
                0x000000000800ce24                RTC_WKUP_IRQHandler
                0x000000000800ce24                SPI2_IRQHandler
                0x000000000800ce24                MemManage_Handler
                0x000000000800ce24                SVC_Handler
                0x000000000800ce24                DMA2_Channel5_IRQHandler
                0x000000000800ce24                DMA1_Channel5_IRQHandler
                0x000000000800ce24                USB_LP_IRQHandler
                0x000000000800ce24                EXTI4_IRQHandler
                0x000000000800ce24                TIM1_TRG_COM_TIM17_IRQHandler
                0x000000000800ce24                DMA1_Channel3_IRQHandler
                0x000000000800ce24                ADC4_IRQHandler
                0x000000000800ce24                WWDG_IRQHandler
                0x000000000800ce24                TIM2_IRQHandler
                0x000000000800ce24                COMP7_IRQHandler
                0x000000000800ce24                COMP1_2_3_IRQHandler
                0x000000000800ce24                EXTI1_IRQHandler
                0x000000000800ce24                USART2_IRQHandler
                0x000000000800ce24                COMP4_5_6_IRQHandler
                0x000000000800ce24                I2C2_ER_IRQHandler
                0x000000000800ce24                DMA1_Channel2_IRQHandler
                0x000000000800ce24                TIM8_BRK_IRQHandler
                0x000000000800ce24                FLASH_IRQHandler
                0x000000000800ce24                BusFault_Handler
                0x000000000800ce24                USART1_IRQHandler
                0x000000000800ce24                SPI3_IRQHandler
                0x000000000800ce24                I2C1_ER_IRQHandler
                0x000000000800ce24                USBWakeUp_IRQHandler
                0x000000000800ce24                DMA2_Channel3_IRQHandler
                0x000000000800ce24                EXTI2_TSC_IRQHandler
                0x000000000800ce24                TIM1_BRK_TIM15_IRQHandler
 *fill*         0x000000000800ce26        0x2 
 .text.startup  0x000000000800ce28       0x14 /usr/lib/gcc/arm-none-eabi/9.2.1/../../../arm-none-eabi/lib/thumb/v7e-m+fp/hard/libg.a(lib_a-__call_atexit.o)
 *(.glue_7)
 .glue_7        0x000000000800ce3c        0x0 linker stubs
 *(.glue_7t)
 .glue_7t       0x000000000800ce3c        0x0 linker stubs
 *(.eh_frame)
 .eh_frame      0x000000000800ce3c        0x0 /usr/lib/gcc/arm-none-eabi/9.2.1/thumb/v7e-m+fp/hard/crtbegin.o
 *(.init)
 .init          0x000000000800ce3c        0x4 /usr/lib/gcc/arm-none-eabi/9.2.1/thumb/v7e-m+fp/hard/crti.o
                0x000000000800ce3c                _init
 .init          0x000000000800ce40        0x8 /usr/lib/gcc/arm-none-eabi/9.2.1/thumb/v7e-m+fp/hard/crtn.o
 *(.fini)
 .fini          0x000000000800ce48        0x4 /usr/lib/gcc/arm-none-eabi/9.2.1/thumb/v7e-m+fp/hard/crti.o
                0x000000000800ce48                _fini
 .fini          0x000000000800ce4c        0x8 /usr/lib/gcc/arm-none-eabi/9.2.1/thumb/v7e-m+fp/hard/crtn.o
                0x000000000800ce54                . = ALIGN (0x4)
                0x000000000800ce54                _etext = .

.vfp11_veneer   0x000000000800ce54        0x0
 .vfp11_veneer  0x000000000800ce54        0x0 linker stubs

.v4_bx          0x000000000800ce54        0x0
 .v4_bx         0x000000000800ce54        0x0 linker stubs

.iplt           0x000000000800ce54        0x0
 .iplt          0x000000000800ce54        0x0 /usr/lib/gcc/arm-none-eabi/9.2.1/thumb/v7e-m+fp/hard/crtbegin.o

.rodata         0x000000000800ce58     0xfd38
                0x000000000800ce58                . = ALIGN (0x4)
 *(.rodata)
 .rodata        0x000000000800ce58      0x494 build/decoder/STM32F30x_decoder.o
 .rodata        0x000000000800d2ec      0x101 /usr/lib/gcc/arm-none-eabi/9.2.1/../../../arm-none-eabi/lib/thumb/v7e-m+fp/hard/libg.a(lib_a-ctype_.o)
                0x000000000800d2ec                _ctype_
 *fill*         0x000000000800d3ed        0x3 
 .rodata        0x000000000800d3f0        0x4 /usr/lib/gcc/arm-none-eabi/9.2.1/../../../arm-none-eabi/lib/thumb/v7e-m+fp/hard/libg.a(lib_a-impure.o)
                0x000000000800d3f0                _global_impure_ptr
 .rodata        0x000000000800d3f4       0x20 /usr/lib/gcc/arm-none-eabi/9.2.1/../../../arm-none-eabi/lib/thumb/v7e-m+fp/hard/libg.a(lib_a-vfprintf.o)
 *fill*         0x000000000800d414        0x4 
 .rodata        0x000000000800d418      0x128 /usr/lib/gcc/arm-none-eabi/9.2.1/../../../arm-none-eabi/lib/thumb/v7e-m+fp/hard/libg.a(lib_a-mprec.o)
                0x000000000800d428                __mprec_tens
                0x000000000800d4f0                __mprec_tinytens
                0x000000000800d518                __mprec_bigtens
 .rodata        0x000000000800d540       0x20 /usr/lib/gcc/arm-none-eabi/9.2.1/../../../arm-none-eabi/lib/thumb/v7e-m+fp/hard/libg.a(lib_a-vfiprintf.o)
 *(.rodata*)
 .rodata.CmdLED.str1.1
                0x000000000800d560       0x68 build/main.o
 .rodata.CmdAccel.str1.1
                0x000000000800d5c8       0x33 build/main.o
 .rodata.CmdGyro.str1.1
                0x000000000800d5fb       0x2f build/main.o
 .rodata.CmdButton.str1.1
                0x000000000800d62a       0x2a build/main.o
 .rodata.main.str1.1
                0x000000000800d654       0x41 build/main.o
 .rodata.str1.1
                0x000000000800d695       0x99 build/main.o
                                         0xa4 (size before relaxing)
 .rodata.LEDs   0x000000000800d72e        0x8 build/main.o
                0x000000000800d72e                LEDs
 .rodata._myTest.str1.1
                0x000000000800d736       0x15 build/bb_hook.o
 .rodata.bb_watch.str1.1
                0x000000000800d74b       0x54 build/bb_hook.o
 .rodata.bb_lab_8.str1.1
                0x000000000800d79f       0x13 build/bb_hook.o
 .rodata.bb_random_led_function.str1.1
                0x000000000800d7b2       0x22 build/bb_hook.o
 .rodata.bb_tilt_game.str1.1
                0x000000000800d7d4       0x50 build/bb_hook.o
 .rodata._bb_lab7.str1.1
                0x000000000800d824       0x1c build/bb_hook.o
 .rodata.testTick.str1.1
                0x000000000800d840       0x18 build/bb_hook.o
 .rodata._bb_A3.str1.1
                0x000000000800d858       0x22 build/bb_hook.o
 .rodata._lab_5.str1.1
                0x000000000800d87a       0x20 build/bb_hook.o
 .rodata._bb_A2.str1.1
                0x000000000800d89a       0x55 build/bb_hook.o
 .rodata.lab6.str1.1
                0x000000000800d8ef       0x5d build/bb_hook.o
 .rodata.str1.1
                0x000000000800d94c      0x132 build/bb_hook.o
                                        0x13b (size before relaxing)
 .rodata.mes_InitIWDG.str1.1
                0x000000000800da7e       0x1a build/watchdog.o
 .rodata.mes_IWDGStart.str1.1
                0x000000000800da98       0x11 build/watchdog.o
 .rodata.mes_IWDGRefresh.str1.1
                0x000000000800daa9       0x13 build/watchdog.o
 .rodata.CmdTest.str1.1
                0x000000000800dabc       0x47 build/mytest.o
 .rodata.str1.1
                0x000000000800db03       0x16 build/mytest.o
 .rodata.CmdR.str1.1
                0x000000000800db19       0x10 build/monitor.o
 .rodata.str1.1
                0x000000000800db29       0x3b build/monitor.o
                                         0x3d (size before relaxing)
 .rodata.parse.str1.1
                0x000000000800db64       0xd6 build/parser.o
 .rodata.TaskInput.str1.1
                0x000000000800dc3a        0xb build/parser.o
                                          0xe (size before relaxing)
 .rodata.__FUNCTION__.7404
                0x000000000800dc45        0x6 build/parser.o
 .rodata.DumpBuffer.str1.1
                0x000000000800dc4b       0x16 build/dump.o
 .rodata.CmdDump.str1.1
                0x000000000800dc61      0x1ca build/dump.o
 .rodata.str1.1
                0x000000000800de2b       0x1c build/dump.o
                                         0x1e (size before relaxing)
 .rodata.CmdStats.str1.1
                0x000000000800de47       0x78 build/terminal.o
 .rodata._write_r.str1.1
                0x000000000800debf       0x78 build/terminal.o
                                          0x2 (size before relaxing)
 .rodata.str1.1
                0x000000000800debf       0x32 build/terminal.o
 .rodata.Uncompress.str1.1
                0x000000000800def1       0x26 build/decoder/decoder.o
 .rodata.DecodeReadRegister.str1.1
                0x000000000800df17       0x35 build/decoder/decoder.o
 .rodata.DecodeField.str1.1
                0x000000000800df4c       0x35 build/decoder/decoder.o
 .rodata.DecodeRegister.str1.1
                0x000000000800df81       0x3b build/decoder/decoder.o
 .rodata.DecodePeripheral.str1.1
                0x000000000800dfbc       0x28 build/decoder/decoder.o
 .rodata.DecodePrintPeripherals.str1.1
                0x000000000800dfe4        0x3 build/decoder/decoder.o
                                          0x9 (size before relaxing)
 .rodata.CmdDecode.str1.1
                0x000000000800dfe7      0x403 build/decoder/decoder.o
                                        0x405 (size before relaxing)
 .rodata.str1.1
                0x000000000800e3ea       0x21 build/decoder/decoder.o
                                         0x28 (size before relaxing)
 .rodata.str1.1
                0x000000000800e40b     0x28bc build/decoder/STM32F30x_decoder.o
                                       0x2921 (size before relaxing)
 *fill*         0x0000000008010cc7        0x1 
 .rodata.ADC1_2_CCR_fields
                0x0000000008010cc8       0x40 build/decoder/STM32F30x_decoder.o
                0x0000000008010cc8                ADC1_2_CCR_fields
 .rodata.ADC1_2_CDR_fields
                0x0000000008010d08       0x10 build/decoder/STM32F30x_decoder.o
                0x0000000008010d08                ADC1_2_CDR_fields
 .rodata.ADC1_2_CSR_fields
                0x0000000008010d18       0xb0 build/decoder/STM32F30x_decoder.o
                0x0000000008010d18                ADC1_2_CSR_fields
 .rodata.ADC1_2_registers
                0x0000000008010dc8       0x30 build/decoder/STM32F30x_decoder.o
                0x0000000008010dc8                ADC1_2_registers
 .rodata.ADC1_AWD2CR_fields
                0x0000000008010df8        0x8 build/decoder/STM32F30x_decoder.o
                0x0000000008010df8                ADC1_AWD2CR_fields
 .rodata.ADC1_AWD3CR_fields
                0x0000000008010e00        0x8 build/decoder/STM32F30x_decoder.o
                0x0000000008010e00                ADC1_AWD3CR_fields
 .rodata.ADC1_CALFACT_fields
                0x0000000008010e08       0x10 build/decoder/STM32F30x_decoder.o
                0x0000000008010e08                ADC1_CALFACT_fields
 .rodata.ADC1_CFGR_fields
                0x0000000008010e18       0x98 build/decoder/STM32F30x_decoder.o
                0x0000000008010e18                ADC1_CFGR_fields
 .rodata.ADC1_CR_fields
                0x0000000008010eb0       0x50 build/decoder/STM32F30x_decoder.o
                0x0000000008010eb0                ADC1_CR_fields
 .rodata.ADC1_DIFSEL_fields
                0x0000000008010f00       0x10 build/decoder/STM32F30x_decoder.o
                0x0000000008010f00                ADC1_DIFSEL_fields
 .rodata.ADC1_DR_fields
                0x0000000008010f10        0x8 build/decoder/STM32F30x_decoder.o
                0x0000000008010f10                ADC1_DR_fields
 .rodata.ADC1_IER_fields
                0x0000000008010f18       0x58 build/decoder/STM32F30x_decoder.o
                0x0000000008010f18                ADC1_IER_fields
 .rodata.ADC1_ISR_fields
                0x0000000008010f70       0x58 build/decoder/STM32F30x_decoder.o
                0x0000000008010f70                ADC1_ISR_fields
 .rodata.ADC1_JDR1_fields
                0x0000000008010fc8        0x8 build/decoder/STM32F30x_decoder.o
                0x0000000008010fc8                ADC1_JDR1_fields
 .rodata.ADC1_JDR2_fields
                0x0000000008010fd0        0x8 build/decoder/STM32F30x_decoder.o
                0x0000000008010fd0                ADC1_JDR2_fields
 .rodata.ADC1_JDR3_fields
                0x0000000008010fd8        0x8 build/decoder/STM32F30x_decoder.o
                0x0000000008010fd8                ADC1_JDR3_fields
 .rodata.ADC1_JDR4_fields
                0x0000000008010fe0        0x8 build/decoder/STM32F30x_decoder.o
                0x0000000008010fe0                ADC1_JDR4_fields
 .rodata.ADC1_JSQR_fields
                0x0000000008010fe8       0x38 build/decoder/STM32F30x_decoder.o
                0x0000000008010fe8                ADC1_JSQR_fields
 .rodata.ADC1_OFR1_fields
                0x0000000008011020       0x18 build/decoder/STM32F30x_decoder.o
                0x0000000008011020                ADC1_OFR1_fields
 .rodata.ADC1_OFR2_fields
                0x0000000008011038       0x18 build/decoder/STM32F30x_decoder.o
                0x0000000008011038                ADC1_OFR2_fields
 .rodata.ADC1_OFR3_fields
                0x0000000008011050       0x18 build/decoder/STM32F30x_decoder.o
                0x0000000008011050                ADC1_OFR3_fields
 .rodata.ADC1_OFR4_fields
                0x0000000008011068       0x18 build/decoder/STM32F30x_decoder.o
                0x0000000008011068                ADC1_OFR4_fields
 .rodata.ADC1_SMPR1_fields
                0x0000000008011080       0x48 build/decoder/STM32F30x_decoder.o
                0x0000000008011080                ADC1_SMPR1_fields
 .rodata.ADC1_SMPR2_fields
                0x00000000080110c8       0x48 build/decoder/STM32F30x_decoder.o
                0x00000000080110c8                ADC1_SMPR2_fields
 .rodata.ADC1_SQR1_fields
                0x0000000008011110       0x28 build/decoder/STM32F30x_decoder.o
                0x0000000008011110                ADC1_SQR1_fields
 .rodata.ADC1_SQR2_fields
                0x0000000008011138       0x28 build/decoder/STM32F30x_decoder.o
                0x0000000008011138                ADC1_SQR2_fields
 .rodata.ADC1_SQR3_fields
                0x0000000008011160       0x28 build/decoder/STM32F30x_decoder.o
                0x0000000008011160                ADC1_SQR3_fields
 .rodata.ADC1_SQR4_fields
                0x0000000008011188       0x10 build/decoder/STM32F30x_decoder.o
                0x0000000008011188                ADC1_SQR4_fields
 .rodata.ADC1_TR1_fields
                0x0000000008011198       0x10 build/decoder/STM32F30x_decoder.o
                0x0000000008011198                ADC1_TR1_fields
 .rodata.ADC1_TR2_fields
                0x00000000080111a8       0x10 build/decoder/STM32F30x_decoder.o
                0x00000000080111a8                ADC1_TR2_fields
 .rodata.ADC1_TR3_fields
                0x00000000080111b8       0x10 build/decoder/STM32F30x_decoder.o
                0x00000000080111b8                ADC1_TR3_fields
 .rodata.ADC1_registers
                0x00000000080111c8      0x1b0 build/decoder/STM32F30x_decoder.o
                0x00000000080111c8                ADC1_registers
 .rodata.CAN_BTR_fields
                0x0000000008011378       0x30 build/decoder/STM32F30x_decoder.o
                0x0000000008011378                CAN_BTR_fields
 .rodata.CAN_ESR_fields
                0x00000000080113a8       0x30 build/decoder/STM32F30x_decoder.o
                0x00000000080113a8                CAN_ESR_fields
 .rodata.CAN_F0R1_fields
                0x00000000080113d8      0x100 build/decoder/STM32F30x_decoder.o
                0x00000000080113d8                CAN_F0R1_fields
 .rodata.CAN_F0R2_fields
                0x00000000080114d8      0x100 build/decoder/STM32F30x_decoder.o
                0x00000000080114d8                CAN_F0R2_fields
 .rodata.CAN_F10R1_fields
                0x00000000080115d8      0x100 build/decoder/STM32F30x_decoder.o
                0x00000000080115d8                CAN_F10R1_fields
 .rodata.CAN_F10R2_fields
                0x00000000080116d8      0x100 build/decoder/STM32F30x_decoder.o
                0x00000000080116d8                CAN_F10R2_fields
 .rodata.CAN_F11R1_fields
                0x00000000080117d8      0x100 build/decoder/STM32F30x_decoder.o
                0x00000000080117d8                CAN_F11R1_fields
 .rodata.CAN_F11R2_fields
                0x00000000080118d8      0x100 build/decoder/STM32F30x_decoder.o
                0x00000000080118d8                CAN_F11R2_fields
 .rodata.CAN_F12R1_fields
                0x00000000080119d8      0x100 build/decoder/STM32F30x_decoder.o
                0x00000000080119d8                CAN_F12R1_fields
 .rodata.CAN_F12R2_fields
                0x0000000008011ad8      0x100 build/decoder/STM32F30x_decoder.o
                0x0000000008011ad8                CAN_F12R2_fields
 .rodata.CAN_F13R1_fields
                0x0000000008011bd8      0x100 build/decoder/STM32F30x_decoder.o
                0x0000000008011bd8                CAN_F13R1_fields
 .rodata.CAN_F13R2_fields
                0x0000000008011cd8      0x100 build/decoder/STM32F30x_decoder.o
                0x0000000008011cd8                CAN_F13R2_fields
 .rodata.CAN_F14R1_fields
                0x0000000008011dd8      0x100 build/decoder/STM32F30x_decoder.o
                0x0000000008011dd8                CAN_F14R1_fields
 .rodata.CAN_F14R2_fields
                0x0000000008011ed8      0x100 build/decoder/STM32F30x_decoder.o
                0x0000000008011ed8                CAN_F14R2_fields
 .rodata.CAN_F15R1_fields
                0x0000000008011fd8      0x100 build/decoder/STM32F30x_decoder.o
                0x0000000008011fd8                CAN_F15R1_fields
 .rodata.CAN_F15R2_fields
                0x00000000080120d8      0x100 build/decoder/STM32F30x_decoder.o
                0x00000000080120d8                CAN_F15R2_fields
 .rodata.CAN_F16R1_fields
                0x00000000080121d8      0x100 build/decoder/STM32F30x_decoder.o
                0x00000000080121d8                CAN_F16R1_fields
 .rodata.CAN_F16R2_fields
                0x00000000080122d8      0x100 build/decoder/STM32F30x_decoder.o
                0x00000000080122d8                CAN_F16R2_fields
 .rodata.CAN_F17R1_fields
                0x00000000080123d8      0x100 build/decoder/STM32F30x_decoder.o
                0x00000000080123d8                CAN_F17R1_fields
 .rodata.CAN_F17R2_fields
                0x00000000080124d8      0x100 build/decoder/STM32F30x_decoder.o
                0x00000000080124d8                CAN_F17R2_fields
 .rodata.CAN_F18R1_fields
                0x00000000080125d8      0x100 build/decoder/STM32F30x_decoder.o
                0x00000000080125d8                CAN_F18R1_fields
 .rodata.CAN_F18R2_fields
                0x00000000080126d8      0x100 build/decoder/STM32F30x_decoder.o
                0x00000000080126d8                CAN_F18R2_fields
 .rodata.CAN_F19R1_fields
                0x00000000080127d8      0x100 build/decoder/STM32F30x_decoder.o
                0x00000000080127d8                CAN_F19R1_fields
 .rodata.CAN_F19R2_fields
                0x00000000080128d8      0x100 build/decoder/STM32F30x_decoder.o
                0x00000000080128d8                CAN_F19R2_fields
 .rodata.CAN_F1R1_fields
                0x00000000080129d8      0x100 build/decoder/STM32F30x_decoder.o
                0x00000000080129d8                CAN_F1R1_fields
 .rodata.CAN_F1R2_fields
                0x0000000008012ad8      0x100 build/decoder/STM32F30x_decoder.o
                0x0000000008012ad8                CAN_F1R2_fields
 .rodata.CAN_F20R1_fields
                0x0000000008012bd8      0x100 build/decoder/STM32F30x_decoder.o
                0x0000000008012bd8                CAN_F20R1_fields
 .rodata.CAN_F20R2_fields
                0x0000000008012cd8      0x100 build/decoder/STM32F30x_decoder.o
                0x0000000008012cd8                CAN_F20R2_fields
 .rodata.CAN_F21R1_fields
                0x0000000008012dd8      0x100 build/decoder/STM32F30x_decoder.o
                0x0000000008012dd8                CAN_F21R1_fields
 .rodata.CAN_F21R2_fields
                0x0000000008012ed8      0x100 build/decoder/STM32F30x_decoder.o
                0x0000000008012ed8                CAN_F21R2_fields
 .rodata.CAN_F22R1_fields
                0x0000000008012fd8      0x100 build/decoder/STM32F30x_decoder.o
                0x0000000008012fd8                CAN_F22R1_fields
 .rodata.CAN_F22R2_fields
                0x00000000080130d8      0x100 build/decoder/STM32F30x_decoder.o
                0x00000000080130d8                CAN_F22R2_fields
 .rodata.CAN_F23R1_fields
                0x00000000080131d8      0x100 build/decoder/STM32F30x_decoder.o
                0x00000000080131d8                CAN_F23R1_fields
 .rodata.CAN_F23R2_fields
                0x00000000080132d8      0x100 build/decoder/STM32F30x_decoder.o
                0x00000000080132d8                CAN_F23R2_fields
 .rodata.CAN_F24R1_fields
                0x00000000080133d8      0x100 build/decoder/STM32F30x_decoder.o
                0x00000000080133d8                CAN_F24R1_fields
 .rodata.CAN_F24R2_fields
                0x00000000080134d8      0x100 build/decoder/STM32F30x_decoder.o
                0x00000000080134d8                CAN_F24R2_fields
 .rodata.CAN_F25R1_fields
                0x00000000080135d8      0x100 build/decoder/STM32F30x_decoder.o
                0x00000000080135d8                CAN_F25R1_fields
 .rodata.CAN_F25R2_fields
                0x00000000080136d8      0x100 build/decoder/STM32F30x_decoder.o
                0x00000000080136d8                CAN_F25R2_fields
 .rodata.CAN_F26R1_fields
                0x00000000080137d8      0x100 build/decoder/STM32F30x_decoder.o
                0x00000000080137d8                CAN_F26R1_fields
 .rodata.CAN_F26R2_fields
                0x00000000080138d8      0x100 build/decoder/STM32F30x_decoder.o
                0x00000000080138d8                CAN_F26R2_fields
 .rodata.CAN_F27R1_fields